olpc/es-olpc.map.gz
olpc/pt-olpc.map.gz
colemak/en-latin9.map.gz
azerty/fr-latin0.map.gz
azerty/fr-old.map.gz
azerty/wangbe.map.gz
azerty/fr-latin9.map.gz
azerty/fr.map.gz
azerty/fr-latin1.map.gz
azerty/azerty.map.gz
azerty/be-latin1.map.gz
azerty/wangbe2.map.gz
azerty/fr-pc.map.gz
dvorak/dvorak-ru.map.gz
dvorak/dvorak.map.gz
dvorak/dvorak-r.map.gz
dvorak/dvorak-fr.map.gz
dvorak/dvorak-l.map.gz
dvorak/no-dvorak.map.gz
dvorak/ANSI-dvorak.map.gz
fgGIod/tr_f-latin5.map.gz
fgGIod/trf-fgGIod.map.gz
qwerty/ttwin_cplk-UTF-8.map.gz
qwerty/speakupmap.map.gz
qwerty/ua-utf.map.gz
qwerty/ruwin_ct_sh-UTF-8.map.gz
qwerty/cz-lat2-prog.map.gz
qwerty/il-heb.map.gz
qwerty/se-latin1.map.gz
qwerty/ru-cp1251.map.gz
qwerty/tr_q-latin5.map.gz
qwerty/ru3.map.gz
qwerty/fi.map.gz
qwerty/cz-qwerty.map.gz
qwerty/gr-pc.map.gz
qwerty/sk-prog-qwerty.map.gz
qwerty/jp106.map.gz
qwerty/se-fi-ir209.map.gz
qwerty/gr.map.gz
qwerty/is-latin1.map.gz
qwerty/dk.map.gz
qwerty/tralt.map.gz
qwerty/lt.map.gz
qwerty/br-latin1-us.map.gz
qwerty/pl1.map.gz
qwerty/lt.baltic.map.gz
qwerty/et.map.gz
qwerty/mk0.map.gz
qwerty/ruwin_cplk-UTF-8.map.gz
qwerty/nl2.map.gz
qwerty/se-lat6.map.gz
qwerty/no.map.gz
qwerty/se-fi-lat6.map.gz
qwerty/il-phonetic.map.gz
qwerty/mk-utf.map.gz
qwerty/ua-utf-ws.map.gz
qwerty/mk.map.gz
qwerty/by-cp1251.map.gz
qwerty/ru.map.gz
qwerty/cz-lat2.map.gz
qwerty/fi-latin9.map.gz
qwerty/ruwin_cplk-KOI8-R.map.gz
qwerty/trq.map.gz
qwerty/ruwin_alt-UTF-8.map.gz
qwerty/kyrgyz.map.gz
qwerty/ruwin_ct_sh-KOI8-R.map.gz
qwerty/br-abnt2.map.gz
qwerty/br-latin1-abnt2.map.gz
qwerty/dk-latin1.map.gz
qwerty/et-nodeadkeys.map.gz
qwerty/defkeymap.map.gz
qwerty/ky_alt_sh-UTF-8.map.gz
qwerty/ru_win.map.gz
qwerty/ua-ws.map.gz
qwerty/pl3.map.gz
qwerty/ruwin_alt-KOI8-R.map.gz
qwerty/ua-cp1251.map.gz
qwerty/sk-qwerty.map.gz
qwerty/bashkir.map.gz
qwerty/nl.map.gz
qwerty/tj_alt-UTF8.map.gz
qwerty/ru-yawerty.map.gz
qwerty/bg_bds-utf8.map.gz
qwerty/it.map.gz
qwerty/bg_pho-cp1251.map.gz
qwerty/by.map.gz
qwerty/ttwin_ctrl-UTF-8.map.gz
qwerty/ru2.map.gz
qwerty/ko.map.gz
qwerty/fi-latin1.map.gz
qwerty/it-ibm.map.gz
qwerty/no-latin1.map.gz
qwerty/bg_pho-utf8.map.gz
qwerty/sv-latin1.map.gz
qwerty/pt.map.gz
qwerty/ruwin_cplk-CP1251.map.gz
qwerty/ruwin_ct_sh-CP1251.map.gz
qwerty/bg_bds-cp1251.map.gz
qwerty/ttwin_alt-UTF-8.map.gz
qwerty/mk-cp1251.map.gz
qwerty/cz-cp1250.map.gz
qwerty/ruwin_ctrl-KOI8-R.map.gz
qwerty/il.map.gz
qwerty/ro.map.gz
qwerty/es.map.gz
qwerty/cf.map.gz
qwerty/hu101.map.gz
qwerty/it2.map.gz
qwerty/ro_std.map.gz
qwerty/trf.map.gz
qwerty/bg-cp1251.map.gz
qwerty/ruwin_alt-CP1251.map.gz
qwerty/kazakh.map.gz
qwerty/pl.map.gz
qwerty/lt.l4.map.gz
qwerty/sr-cy.map.gz
qwerty/ruwin_ctrl-UTF-8.map.gz
qwerty/ru4.map.gz
qwerty/bg-cp855.map.gz
qwerty/pt-latin9.map.gz
qwerty/emacs.map.gz
qwerty/la-latin1.map.gz
qwerty/ttwin_ct_sh-UTF-8.map.gz
qwerty/pl2.map.gz
qwerty/us.map.gz
qwerty/pc110.map.gz
qwerty/emacs2.map.gz
qwerty/bywin-cp1251.map.gz
qwerty/ruwin_ctrl-CP1251.map.gz
qwerty/is-latin1-us.map.gz
qwerty/ru-ms.map.gz
qwerty/fi-old.map.gz
qwerty/es-cp850.map.gz
qwerty/us-acentos.map.gz
qwerty/ru1.map.gz
qwerty/se-ir209.map.gz
qwerty/uk.map.gz
qwerty/ua.map.gz
qwerty/speakup-jfw.map.gz
qwerty/pt-latin1.map.gz
qwerty/pl4.map.gz
qwerty/br-abnt.map.gz
qwerty/defkeymap_V1.0.map.gz
qwertz/croat.map.gz
qwertz/fr_CH-latin1.map.gz
qwertz/de_CH-latin1.map.gz
qwertz/slovene.map.gz
qwertz/de_alt_UTF-8.map.gz
qwertz/de-latin1.map.gz
qwertz/sg-latin1.map.gz
qwertz/sg.map.gz
qwertz/de-latin1-nodeadkeys.map.gz
qwertz/fr_CH.map.gz
qwertz/hu.map.gz
qwertz/cz-us-qwertz.map.gz
qwertz/de.map.gz
qwertz/cz.map.gz
qwertz/sk-prog-qwertz.map.gz
qwertz/sg-latin1-lk450.map.gz
qwertz/de-mobii.map.gz
qwertz/sk-qwertz.map.gz
