etc/brltty
etc/brltty/ar.ttb
etc/brltty/ascii-basic.tti
etc/brltty/as.ttb
etc/brltty/attrib.atb
etc/brltty/attributes.atb
etc/brltty/awa.ttb
etc/brltty/bengali.tti
etc/brltty/bg.ttb
etc/brltty/bh.ttb
etc/brltty/blocks.tti
etc/brltty/bn.ttb
etc/brltty/bo.ttb
etc/brltty/boxes.tti
etc/brltty/bra.ttb
etc/brltty/brf.ttb
etc/brltty/brl-al-abt_basic.kti
etc/brltty/brl-al-abt_extra.kti
etc/brltty/brl-al-abt_large.ktb
etc/brltty/brl-al-abt_small.ktb
etc/brltty/brl-al-bc.ktb
etc/brltty/brl-al-sat_basic.kti
etc/brltty/brl-al-sat_extra.kti
etc/brltty/brl-al-sat_large.ktb
etc/brltty/brl-al-sat_small.ktb
etc/brltty/brl-at-all.ktb
etc/brltty/brl-bm-command.kti
etc/brltty/brl-bm-default.ktb
etc/brltty/brl-bm-display6.kti
etc/brltty/brl-bm-display7.kti
etc/brltty/brl-bm-dm80p.ktb
etc/brltty/brl-bm-front10.kti
etc/brltty/brl-bm-front6.kti
etc/brltty/brl-bm-horizontal.kti
etc/brltty/brl-bm-inka.ktb
etc/brltty/brl-bm-keyboard.kti
etc/brltty/brl-bm-pro.ktb
etc/brltty/brl-bm-routing6.kti
etc/brltty/brl-bm-routing7.kti
etc/brltty/brl-bm-status.kti
etc/brltty/brl-bm-vario80.ktb
etc/brltty/brl-bm-vario.ktb
etc/brltty/brl-bm-vertical.kti
etc/brltty/brl-bm-wheels.kti
etc/brltty/brl-cb-all.ktb
etc/brltty/brl-eu-braille.kti
etc/brltty/brl-eu-clio.ktb
etc/brltty/brl-eu-common.kti
etc/brltty/brl-eu-esys_large.ktb
etc/brltty/brl-eu-esys_medium.ktb
etc/brltty/brl-eu-esys_small.ktb
etc/brltty/brl-eu-esytime.ktb
etc/brltty/brl-eu-iris.ktb
etc/brltty/brl-eu-joysticks.kti
etc/brltty/brl-eu-sw12.kti
etc/brltty/brl-eu-sw34.kti
etc/brltty/brl-eu-sw56.kti
etc/brltty/brl-fs-bumpers.kti
etc/brltty/brl-fs-common.kti
etc/brltty/brl-fs-focus_basic.ktb
etc/brltty/brl-fs-focus_basic.kti
etc/brltty/brl-fs-focus_large.ktb
etc/brltty/brl-fs-focus_small.ktb
etc/brltty/brl-fs-pacmate.ktb
etc/brltty/brl-fs-rockers.kti
etc/brltty/brl-hm-sense.ktb
etc/brltty/brl-hm-sync.ktb
etc/brltty/brl-ht-ab40.ktb
etc/brltty/brl-ht-bkwm.ktb
etc/brltty/brl-ht-bs40.ktb
etc/brltty/brl-ht-bs80.ktb
etc/brltty/brl-ht-bs.kti
etc/brltty/brl-ht-dots.kti
etc/brltty/brl-ht-easy.ktb
etc/brltty/brl-ht-input.kti
etc/brltty/brl-ht-keypad.kti
etc/brltty/brl-ht-mdlr.ktb
etc/brltty/brl-ht-me64.ktb
etc/brltty/brl-ht-me88.ktb
etc/brltty/brl-ht-me.kti
etc/brltty/brl-ht-rockers.kti
etc/brltty/brl-ht-wave.ktb
etc/brltty/brl-hw-all.ktb
etc/brltty/brl-ir-all.kti
etc/brltty/brl-ir-brl.ktb
etc/brltty/brl-ir-pc.ktb
etc/brltty/brl-mt-all.ktb
etc/brltty/brl-np-all.ktb
etc/brltty/brl-pg-all.ktb
etc/brltty/brl-pm-2d_l.ktb
etc/brltty/brl-pm-2d_s.ktb
etc/brltty/brl-pm-bar.kti
etc/brltty/brl-pm-c_486.ktb
etc/brltty/brl-pm-c.ktb
etc/brltty/brl-pm-el_2d_40.ktb
etc/brltty/brl-pm-el_2d_66.ktb
etc/brltty/brl-pm-el_2d_80.ktb
etc/brltty/brl-pm-el2d_80s.ktb
etc/brltty/brl-pm-el40c.ktb
etc/brltty/brl-pm-el_40_p.ktb
etc/brltty/brl-pm-el40s.ktb
etc/brltty/brl-pm-el60c.ktb
etc/brltty/brl-pm-el66s.ktb
etc/brltty/brl-pm-el70s.ktb
etc/brltty/brl-pm-el80c.ktb
etc/brltty/brl-pm-el80_ii.ktb
etc/brltty/brl-pm-el_80.ktb
etc/brltty/brl-pm-el80s.ktb
etc/brltty/brl-pm-elba_20.ktb
etc/brltty/brl-pm-elba_32.ktb
etc/brltty/brl-pm-elba_trio_20.ktb
etc/brltty/brl-pm-elba_trio_32.ktb
etc/brltty/brl-pm-front13.kti
etc/brltty/brl-pm-front9.kti
etc/brltty/brl-pm-ib_80.ktb
etc/brltty/brl-pm-keyboard.kti
etc/brltty/brl-pm-keys.kti
etc/brltty/brl-pm-routing.kti
etc/brltty/brl-pm-status0.kti
etc/brltty/brl-pm-status13.kti
etc/brltty/brl-pm-status20.kti
etc/brltty/brl-pm-status22.kti
etc/brltty/brl-pm-status2.kti
etc/brltty/brl-pm-status4.kti
etc/brltty/brl-pm-switches.kti
etc/brltty/brl-pm-trio.ktb
etc/brltty/brl-sk-bdp.ktb
etc/brltty/brl-sk-ntk.ktb
etc/brltty/brl-vo-all.ktb
etc/brltty/brl-vo-bp.ktb
etc/brltty/common.tti
etc/brltty/control-latin.tti
etc/brltty/cs.ttb
etc/brltty/cy.ttb
etc/brltty/da-1252.ttb
etc/brltty/da-lt.ttb
etc/brltty/da.ttb
etc/brltty/de-chess.tti
etc/brltty/de.ttb
etc/brltty/devanagari.tti
etc/brltty/dra.ttb
etc/brltty/el.ttb
etc/brltty/en_CA.ttb
etc/brltty/en-chess.tti
etc/brltty/en_GB.ttb
etc/brltty/en-na-ascii.tti
etc/brltty/en-nabcc.ttb
etc/brltty/en.ttb
etc/brltty/en_US.ttb
etc/brltty/eo.ttb
etc/brltty/es.ttb
etc/brltty/et.ttb
etc/brltty/fi.ttb
etc/brltty/fr-2007.ttb
etc/brltty/fr_CA.ttb
etc/brltty/fr-cbifs.ttb
etc/brltty/fr_FR.ttb
etc/brltty/fr.ttb
etc/brltty/fr-vs.ttb
etc/brltty/ga.ttb
etc/brltty/gd.ttb
etc/brltty/gon.ttb
etc/brltty/gujarati.tti
etc/brltty/gurmukhi.tti
etc/brltty/gu.ttb
etc/brltty/he.ttb
etc/brltty/hi.ttb
etc/brltty/hr.ttb
etc/brltty/hu.ttb
etc/brltty/hy.ttb
etc/brltty/is.ttb
etc/brltty/it.ttb
etc/brltty/kannada.tti
etc/brltty/kbd-braille.kti
etc/brltty/kbd-desktop.ktb
etc/brltty/kbd-keypad.ktb
etc/brltty/kbd-kp_say.kti
etc/brltty/kbd-kp_speak.kti
etc/brltty/kbd-laptop.ktb
etc/brltty/kha.ttb
etc/brltty/kn.ttb
etc/brltty/kok.ttb
etc/brltty/kru.ttb
etc/brltty/letters-cyrillic.tti
etc/brltty/letters-latin-dot8.tti
etc/brltty/letters-latin.tti
etc/brltty/letters-tibetan.tti
etc/brltty/lt.ttb
etc/brltty/lv.ttb
etc/brltty/malayalam.tti
etc/brltty/mg.ttb
etc/brltty/mi.ttb
etc/brltty/ml.ttb
etc/brltty/mni.ttb
etc/brltty/mr.ttb
etc/brltty/mt.ttb
etc/brltty/mun.ttb
etc/brltty/mwr.ttb
etc/brltty/ne.ttb
etc/brltty/new.ttb
etc/brltty/nl_BE.ttb
etc/brltty/nl_NL.ttb
etc/brltty/nl.ttb
etc/brltty/no-generic.ttb
etc/brltty/no-oub.ttb
etc/brltty/no.ttb
etc/brltty/numbers-dot6.tti
etc/brltty/numbers-dot8.tti
etc/brltty/numbers-french.tti
etc/brltty/numbers-nemeth.tti
etc/brltty/nwc.ttb
etc/brltty/oriya.tti
etc/brltty/or.ttb
etc/brltty/pa.ttb
etc/brltty/pi.ttb
etc/brltty/pl.ttb
etc/brltty/pt.ttb
etc/brltty/punctuation-alternate.tti
etc/brltty/punctuation-basic.tti
etc/brltty/punctuation-tibetan.tti
etc/brltty/ro.ttb
etc/brltty/ru.ttb
etc/brltty/sa.ttb
etc/brltty/sat.ttb
etc/brltty/sd.ttb
etc/brltty/sk.ttb
etc/brltty/spaces.tti
etc/brltty/sv-1989.ttb
etc/brltty/sv-1996.ttb
etc/brltty/sv.ttb
etc/brltty/sw.ttb
etc/brltty/tamil.tti
etc/brltty/ta.ttb
etc/brltty/telugu.tti
etc/brltty/te.ttb
etc/brltty/tr.ttb
etc/brltty/vi.ttb
etc/gtk-2.0
etc/gtk-2.0/gtkrc
etc/modprobe.d/alsa-base-blacklist.conf
etc/modprobe.d/alsa-base.conf
install/bin/t-installer
install/images/
lib/brltty
lib/brltty/brltty.sh
lib/debian-installer.d/S19brltty
lib/debian-installer-startup.d/S37alsa-utils-udeb
lib/debian-installer-startup.d/S37brltty
lib/debian-installer-startup.d/S38espeakup
lib/udev/brltty.sh
lib/udev/rules.d/brltty.rules
sbin/brltty
usr/bin/espeakup
usr/bin/gtk-set-font
usr/bin/gtk-set-theme
usr/lib/espeakup
usr/lib/espeakup/espeakup.restart
usr/lib/finish-install.d/06espeakup
usr/lib/finish-install.d/07brltty
usr/lib/gtk-2.0
usr/lib/gtk-2.0/2.10.0
usr/lib/gtk-2.0/2.10.0/engines
usr/lib/gtk-2.0/2.10.0/engines/libclearlooks.so
usr/lib/gtk-2.0/2.10.0/engines/libhcengine.so
usr/lib/gtk-2.0/2.10.0/engines/libindustrial.so
usr/lib/i386-linux-gnu/espeak-data
usr/lib/i386-linux-gnu/espeak-data/af_dict
usr/lib/i386-linux-gnu/espeak-data/bg_dict
usr/lib/i386-linux-gnu/espeak-data/ca_dict
usr/lib/i386-linux-gnu/espeak-data/cs_dict
usr/lib/i386-linux-gnu/espeak-data/cy_dict
usr/lib/i386-linux-gnu/espeak-data/da_dict
usr/lib/i386-linux-gnu/espeak-data/de_dict
usr/lib/i386-linux-gnu/espeak-data/dv_dict
usr/lib/i386-linux-gnu/espeak-data/el_dict
usr/lib/i386-linux-gnu/espeak-data/en_dict
usr/lib/i386-linux-gnu/espeak-data/eo_dict
usr/lib/i386-linux-gnu/espeak-data/es_dict
usr/lib/i386-linux-gnu/espeak-data/et_dict
usr/lib/i386-linux-gnu/espeak-data/fi_dict
usr/lib/i386-linux-gnu/espeak-data/fr_dict
usr/lib/i386-linux-gnu/espeak-data/grc_dict
usr/lib/i386-linux-gnu/espeak-data/hbs_dict
usr/lib/i386-linux-gnu/espeak-data/hi_dict
usr/lib/i386-linux-gnu/espeak-data/hu_dict
usr/lib/i386-linux-gnu/espeak-data/hy_dict
usr/lib/i386-linux-gnu/espeak-data/id_dict
usr/lib/i386-linux-gnu/espeak-data/intonations
usr/lib/i386-linux-gnu/espeak-data/is_dict
usr/lib/i386-linux-gnu/espeak-data/it_dict
usr/lib/i386-linux-gnu/espeak-data/jbo_dict
usr/lib/i386-linux-gnu/espeak-data/ka_dict
usr/lib/i386-linux-gnu/espeak-data/kn_dict
usr/lib/i386-linux-gnu/espeak-data/ku_dict
usr/lib/i386-linux-gnu/espeak-data/la_dict
usr/lib/i386-linux-gnu/espeak-data/lv_dict
usr/lib/i386-linux-gnu/espeak-data/mk_dict
usr/lib/i386-linux-gnu/espeak-data/ml_dict
usr/lib/i386-linux-gnu/espeak-data/nci_dict
usr/lib/i386-linux-gnu/espeak-data/nl_dict
usr/lib/i386-linux-gnu/espeak-data/no_dict
usr/lib/i386-linux-gnu/espeak-data/pap_dict
usr/lib/i386-linux-gnu/espeak-data/phondata
usr/lib/i386-linux-gnu/espeak-data/phonindex
usr/lib/i386-linux-gnu/espeak-data/phontab
usr/lib/i386-linux-gnu/espeak-data/pl_dict
usr/lib/i386-linux-gnu/espeak-data/pt_dict
usr/lib/i386-linux-gnu/espeak-data/ro_dict
usr/lib/i386-linux-gnu/espeak-data/ru_dict
usr/lib/i386-linux-gnu/espeak-data/sk_dict
usr/lib/i386-linux-gnu/espeak-data/sq_dict
usr/lib/i386-linux-gnu/espeak-data/sv_dict
usr/lib/i386-linux-gnu/espeak-data/sw_dict
usr/lib/i386-linux-gnu/espeak-data/ta_dict
usr/lib/i386-linux-gnu/espeak-data/tr_dict
usr/lib/i386-linux-gnu/espeak-data/vi_dict
usr/lib/i386-linux-gnu/espeak-data/voices
usr/lib/i386-linux-gnu/espeak-data/voices/af
usr/lib/i386-linux-gnu/espeak-data/voices/bg
usr/lib/i386-linux-gnu/espeak-data/voices/bs
usr/lib/i386-linux-gnu/espeak-data/voices/ca
usr/lib/i386-linux-gnu/espeak-data/voices/cs
usr/lib/i386-linux-gnu/espeak-data/voices/cy
usr/lib/i386-linux-gnu/espeak-data/voices/da
usr/lib/i386-linux-gnu/espeak-data/voices/de
usr/lib/i386-linux-gnu/espeak-data/voices/default
usr/lib/i386-linux-gnu/espeak-data/voices/el
usr/lib/i386-linux-gnu/espeak-data/voices/en
usr/lib/i386-linux-gnu/espeak-data/voices/en/en
usr/lib/i386-linux-gnu/espeak-data/voices/en/en-n
usr/lib/i386-linux-gnu/espeak-data/voices/en/en-rp
usr/lib/i386-linux-gnu/espeak-data/voices/en/en-sc
usr/lib/i386-linux-gnu/espeak-data/voices/en/en-us
usr/lib/i386-linux-gnu/espeak-data/voices/en/en-wi
usr/lib/i386-linux-gnu/espeak-data/voices/en/en-wm
usr/lib/i386-linux-gnu/espeak-data/voices/eo
usr/lib/i386-linux-gnu/espeak-data/voices/es
usr/lib/i386-linux-gnu/espeak-data/voices/es-la
usr/lib/i386-linux-gnu/espeak-data/voices/et
usr/lib/i386-linux-gnu/espeak-data/voices/fi
usr/lib/i386-linux-gnu/espeak-data/voices/fr
usr/lib/i386-linux-gnu/espeak-data/voices/fr-be
usr/lib/i386-linux-gnu/espeak-data/voices/hi
usr/lib/i386-linux-gnu/espeak-data/voices/hr
usr/lib/i386-linux-gnu/espeak-data/voices/hu
usr/lib/i386-linux-gnu/espeak-data/voices/hy
usr/lib/i386-linux-gnu/espeak-data/voices/hy-west
usr/lib/i386-linux-gnu/espeak-data/voices/id
usr/lib/i386-linux-gnu/espeak-data/voices/is
usr/lib/i386-linux-gnu/espeak-data/voices/it
usr/lib/i386-linux-gnu/espeak-data/voices/ka
usr/lib/i386-linux-gnu/espeak-data/voices/kn
usr/lib/i386-linux-gnu/espeak-data/voices/ku
usr/lib/i386-linux-gnu/espeak-data/voices/la
usr/lib/i386-linux-gnu/espeak-data/voices/lv
usr/lib/i386-linux-gnu/espeak-data/voices/mk
usr/lib/i386-linux-gnu/espeak-data/voices/ml
usr/lib/i386-linux-gnu/espeak-data/voices/nl
usr/lib/i386-linux-gnu/espeak-data/voices/no
usr/lib/i386-linux-gnu/espeak-data/voices/pl
usr/lib/i386-linux-gnu/espeak-data/voices/pt
usr/lib/i386-linux-gnu/espeak-data/voices/pt-pt
usr/lib/i386-linux-gnu/espeak-data/voices/ro
usr/lib/i386-linux-gnu/espeak-data/voices/ru
usr/lib/i386-linux-gnu/espeak-data/voices/sk
usr/lib/i386-linux-gnu/espeak-data/voices/sq
usr/lib/i386-linux-gnu/espeak-data/voices/sr
usr/lib/i386-linux-gnu/espeak-data/voices/sv
usr/lib/i386-linux-gnu/espeak-data/voices/sw
usr/lib/i386-linux-gnu/espeak-data/voices/ta
usr/lib/i386-linux-gnu/espeak-data/voices/tr
usr/lib/i386-linux-gnu/espeak-data/voices/!v
usr/lib/i386-linux-gnu/espeak-data/voices/!v/croak
usr/lib/i386-linux-gnu/espeak-data/voices/!v/f1
usr/lib/i386-linux-gnu/espeak-data/voices/!v/f2
usr/lib/i386-linux-gnu/espeak-data/voices/!v/f3
usr/lib/i386-linux-gnu/espeak-data/voices/!v/f4
usr/lib/i386-linux-gnu/espeak-data/voices/!v/f5
usr/lib/i386-linux-gnu/espeak-data/voices/vi
usr/lib/i386-linux-gnu/espeak-data/voices/!v/klatt
usr/lib/i386-linux-gnu/espeak-data/voices/!v/klatt2
usr/lib/i386-linux-gnu/espeak-data/voices/!v/klatt3
usr/lib/i386-linux-gnu/espeak-data/voices/!v/m1
usr/lib/i386-linux-gnu/espeak-data/voices/!v/m2
usr/lib/i386-linux-gnu/espeak-data/voices/!v/m3
usr/lib/i386-linux-gnu/espeak-data/voices/!v/m4
usr/lib/i386-linux-gnu/espeak-data/voices/!v/m5
usr/lib/i386-linux-gnu/espeak-data/voices/!v/m6
usr/lib/i386-linux-gnu/espeak-data/voices/!v/m7
usr/lib/i386-linux-gnu/espeak-data/voices/!v/whisper
usr/lib/i386-linux-gnu/espeak-data/voices/!v/whisperf
usr/lib/i386-linux-gnu/espeak-data/voices/zh
usr/lib/i386-linux-gnu/espeak-data/voices/zh-yue
usr/lib/i386-linux-gnu/espeak-data/zh_dict
usr/lib/i386-linux-gnu/espeak-data/zhy_dict
usr/lib/i386-linux-gnu/gdk-pixbuf-2.0
usr/lib/i386-linux-gnu/gdk-pixbuf-2.0/2.10.0
usr/lib/i386-linux-gnu/gdk-pixbuf-2.0/2.10.0/loaders
usr/lib/i386-linux-gnu/gdk-pixbuf-2.0/2.10.0/loaders.cache
usr/lib/i386-linux-gnu/gdk-pixbuf-2.0/2.10.0/loaders/libpixbufloader-png.so
usr/lib/i386-linux-gnu/libatk-1.0.so.0
usr/lib/i386-linux-gnu/libatk-1.0.so.0.20409.1
usr/lib/i386-linux-gnu/libgdk-x11-2.0.so.0
usr/lib/i386-linux-gnu/libgdk-x11-2.0.so.0.2400.10
usr/lib/i386-linux-gnu/libgtk-x11-2.0.so.0
usr/lib/i386-linux-gnu/libgtk-x11-2.0.so.0.2400.10
usr/lib/i386-linux-gnu/libpango-1.0.so.0
usr/lib/i386-linux-gnu/libpango-1.0.so.0.3000.0
usr/lib/i386-linux-gnu/libpangocairo-1.0.so.0
usr/lib/i386-linux-gnu/libpangocairo-1.0.so.0.3000.0
usr/lib/i386-linux-gnu/libpangoft2-1.0.so.0
usr/lib/i386-linux-gnu/libpangoft2-1.0.so.0.3000.0
usr/lib/i386-linux-gnu/libpangox-1.0.so.0
usr/lib/i386-linux-gnu/libpangox-1.0.so.0.3000.0
usr/lib/i386-linux-gnu/libpangoxft-1.0.so.0
usr/lib/i386-linux-gnu/libpangoxft-1.0.so.0.3000.0
usr/lib/i386-linux-gnu/pango
usr/lib/i386-linux-gnu/pango/1.6.0
usr/lib/i386-linux-gnu/pango/1.6.0/module-files.d
usr/lib/i386-linux-gnu/pango/1.6.0/module-files.d/libpango1.0-udeb.modules
usr/lib/i386-linux-gnu/pango/1.6.0/modules
usr/lib/i386-linux-gnu/pango/1.6.0/modules/pango-arabic-fc.so
usr/lib/i386-linux-gnu/pango/1.6.0/modules/pango-arabic-lang.so
usr/lib/i386-linux-gnu/pango/1.6.0/modules/pango-basic-fc.so
usr/lib/i386-linux-gnu/pango/1.6.0/modules/pango-basic-x.so
usr/lib/i386-linux-gnu/pango/1.6.0/modules/pango-hangul-fc.so
usr/lib/i386-linux-gnu/pango/1.6.0/modules/pango-hebrew-fc.so
usr/lib/i386-linux-gnu/pango/1.6.0/modules/pango-indic-fc.so
usr/lib/i386-linux-gnu/pango/1.6.0/modules/pango-indic-lang.so
usr/lib/i386-linux-gnu/pango/1.6.0/modules/pango-khmer-fc.so
usr/lib/i386-linux-gnu/pango/1.6.0/modules/pango-syriac-fc.so
usr/lib/i386-linux-gnu/pango/1.6.0/modules/pango-thai-fc.so
usr/lib/i386-linux-gnu/pango/1.6.0/modules/pango-tibetan-fc.so
usr/lib/libasound.so.2
usr/lib/libasound.so.2.0.0
usr/lib/libcairo-gobject.so.2
usr/lib/libcairo-gobject.so.2.11200.2
usr/lib/libcairo.so.2
usr/lib/libcairo.so.2.11200.2
usr/lib/libfontconfig.so.1
usr/lib/libfontconfig.so.1.5.0
usr/lib/libfontenc.so.1
usr/lib/libfontenc.so.1.0.0
usr/lib/libfreetype.so.6
usr/lib/libfreetype.so.6.8.1
usr/lib/libgdk_pixbuf-2.0.so.0
usr/lib/libgdk_pixbuf-2.0.so.0.2600.1
usr/lib/libgdk_pixbuf_xlib-2.0.so.0
usr/lib/libgdk_pixbuf_xlib-2.0.so.0.2600.1
usr/lib/libgio-2.0.so.0
usr/lib/libgio-2.0.so.0.3200.4
usr/lib/libgmodule-2.0.so.0
usr/lib/libgmodule-2.0.so.0.3200.4
usr/lib/libgobject-2.0.so.0
usr/lib/libgobject-2.0.so.0.3200.4
usr/lib/libgthread-2.0.so.0
usr/lib/libgthread-2.0.so.0.3200.4
usr/lib/libpixman-1.so.0
usr/lib/libpixman-1.so.0.26.0
usr/lib/libX11.so.6
usr/lib/libX11.so.6.3.0
usr/lib/libXau.so.6
usr/lib/libXau.so.6.0.0
usr/lib/libXcursor.so.1
usr/lib/libXcursor.so.1.0.2
usr/lib/libXdmcp.so.6
usr/lib/libXdmcp.so.6.0.0
usr/lib/libXext.so.6
usr/lib/libXext.so.6.4.0
usr/lib/libXfixes.so.3
usr/lib/libXfixes.so.3.1.0
usr/lib/libXfont.so.1
usr/lib/libXfont.so.1.4.1
usr/lib/libXft.so.2
usr/lib/libXft.so.2.3.1
usr/lib/libXinerama.so.1
usr/lib/libXinerama.so.1.0.0
usr/lib/libXi.so.6
usr/lib/libXi.so.6.1.0
usr/lib/libXrender.so.1
usr/lib/libXrender.so.1.3.0
usr/sbin/alsactl
usr/share/alsa
usr/share/alsa/
usr/share/alsa/alsa.conf
usr/share/alsa/alsa.conf.d
usr/share/alsa/alsa.conf.d/README
usr/share/alsa/cards
usr/share/alsa/cards/AACI.conf
usr/share/alsa/cards/aliases.alisp
usr/share/alsa/cards/aliases.conf
usr/share/alsa/cards/ATIIXP.conf
usr/share/alsa/cards/ATIIXP-MODEM.conf
usr/share/alsa/cards/ATIIXP-SPDMA.conf
usr/share/alsa/cards/AU8810.conf
usr/share/alsa/cards/AU8820.conf
usr/share/alsa/cards/AU8830.conf
usr/share/alsa/cards/Audigy2.conf
usr/share/alsa/cards/Audigy.conf
usr/share/alsa/cards/Aureon51.conf
usr/share/alsa/cards/Aureon71.conf
usr/share/alsa/cards/CA0106.conf
usr/share/alsa/cards/CMI8338.conf
usr/share/alsa/cards/CMI8338-SWIEC.conf
usr/share/alsa/cards/CMI8738-MC6.conf
usr/share/alsa/cards/CMI8738-MC8.conf
usr/share/alsa/cards/CMI8788.conf
usr/share/alsa/cards/CS46xx.conf
usr/share/alsa/cards/EMU10K1.conf
usr/share/alsa/cards/EMU10K1X.conf
usr/share/alsa/cards/ENS1370.conf
usr/share/alsa/cards/ENS1371.conf
usr/share/alsa/cards/ES1968.conf
usr/share/alsa/cards/FireWave.conf
usr/share/alsa/cards/FM801.conf
usr/share/alsa/cards/FWSpeakers.conf
usr/share/alsa/cards/GUS.conf
usr/share/alsa/cards/HDA-Intel.conf
usr/share/alsa/cards/ICE1712.conf
usr/share/alsa/cards/ICE1724.conf
usr/share/alsa/cards/ICH4.conf
usr/share/alsa/cards/ICH.conf
usr/share/alsa/cards/ICH-MODEM.conf
usr/share/alsa/cards/Maestro3.conf
usr/share/alsa/cards/NFORCE.conf
usr/share/alsa/cards/PC-Speaker.conf
usr/share/alsa/cards/PMac.conf
usr/share/alsa/cards/PMacToonie.conf
usr/share/alsa/cards/PS3.conf
usr/share/alsa/cards/RME9636.conf
usr/share/alsa/cards/RME9652.conf
usr/share/alsa/cards/SB-XFi.conf
usr/share/alsa/cards/SI7018
usr/share/alsa/cards/SI7018.conf
usr/share/alsa/cards/SI7018/sndoc-mixer.alisp
usr/share/alsa/cards/SI7018/sndop-mixer.alisp
usr/share/alsa/cards/TRID4DWAVENX.conf
usr/share/alsa/cards/USB-Audio.conf
usr/share/alsa/cards/VIA686A.conf
usr/share/alsa/cards/VIA8233A.conf
usr/share/alsa/cards/VIA8233.conf
usr/share/alsa/cards/VIA8237.conf
usr/share/alsa/cards/VX222.conf
usr/share/alsa/cards/VXPocket440.conf
usr/share/alsa/cards/VXPocket.conf
usr/share/alsa/cards/YMF744.conf
usr/share/alsa/pcm
usr/share/alsa/pcm/center_lfe.conf
usr/share/alsa/pcm/default.conf
usr/share/alsa/pcm/dmix.conf
usr/share/alsa/pcm/dpl.conf
usr/share/alsa/pcm/dsnoop.conf
usr/share/alsa/pcm/front.conf
usr/share/alsa/pcm/hdmi.conf
usr/share/alsa/pcm/iec958.conf
usr/share/alsa/pcm/modem.conf
usr/share/alsa/pcm/rear.conf
usr/share/alsa/pcm/side.conf
usr/share/alsa/pcm/surround40.conf
usr/share/alsa/pcm/surround41.conf
usr/share/alsa/pcm/surround50.conf
usr/share/alsa/pcm/surround51.conf
usr/share/alsa/pcm/surround71.conf
usr/share/alsa/smixer.conf
usr/share/alsa/sndo-mixer.alisp
usr/share/alsa/utils.sh
usr/share/espeakup-udeb
usr/share/espeakup-udeb/espeakup.default
usr/share/fonts/
usr/share/locale/af/LC_MESSAGES/gdk-pixbuf.mo
usr/share/locale/ang/LC_MESSAGES/gdk-pixbuf.mo
usr/share/locale/ar/LC_MESSAGES/gdk-pixbuf.mo
usr/share/locale/as/LC_MESSAGES/gdk-pixbuf.mo
usr/share/locale/ast/LC_MESSAGES/gdk-pixbuf.mo
usr/share/locale/az/LC_MESSAGES/gdk-pixbuf.mo
usr/share/locale/be@latin/LC_MESSAGES/gdk-pixbuf.mo
usr/share/locale/be/LC_MESSAGES/gdk-pixbuf.mo
usr/share/locale/bg/LC_MESSAGES/gdk-pixbuf.mo
usr/share/locale/bn_IN/LC_MESSAGES/gdk-pixbuf.mo
usr/share/locale/bn/LC_MESSAGES/gdk-pixbuf.mo
usr/share/locale/br/LC_MESSAGES/gdk-pixbuf.mo
usr/share/locale/bs/LC_MESSAGES/gdk-pixbuf.mo
usr/share/locale/ca/LC_MESSAGES/gdk-pixbuf.mo
usr/share/locale/ca@valencia/LC_MESSAGES/gdk-pixbuf.mo
usr/share/locale/crh/LC_MESSAGES/gdk-pixbuf.mo
usr/share/locale/cs/LC_MESSAGES/gdk-pixbuf.mo
usr/share/locale/cy/LC_MESSAGES/gdk-pixbuf.mo
usr/share/locale/da/LC_MESSAGES/gdk-pixbuf.mo
usr/share/locale/de/LC_MESSAGES/gdk-pixbuf.mo
usr/share/locale/dz/LC_MESSAGES/gdk-pixbuf.mo
usr/share/locale/el/LC_MESSAGES/gdk-pixbuf.mo
usr/share/locale/en_CA/LC_MESSAGES/gdk-pixbuf.mo
usr/share/locale/en_GB/LC_MESSAGES/gdk-pixbuf.mo
usr/share/locale/en@shaw/LC_MESSAGES/gdk-pixbuf.mo
usr/share/locale/eo/LC_MESSAGES/gdk-pixbuf.mo
usr/share/locale/es/LC_MESSAGES/gdk-pixbuf.mo
usr/share/locale/et/LC_MESSAGES/gdk-pixbuf.mo
usr/share/locale/eu/LC_MESSAGES/gdk-pixbuf.mo
usr/share/locale/fa/LC_MESSAGES/gdk-pixbuf.mo
usr/share/locale/fi/LC_MESSAGES/gdk-pixbuf.mo
usr/share/locale/fr/LC_MESSAGES/gdk-pixbuf.mo
usr/share/locale/ga/LC_MESSAGES/gdk-pixbuf.mo
usr/share/locale/gl/LC_MESSAGES/gdk-pixbuf.mo
usr/share/locale/gu/LC_MESSAGES/gdk-pixbuf.mo
usr/share/locale/he/LC_MESSAGES/gdk-pixbuf.mo
usr/share/locale/hi/LC_MESSAGES/gdk-pixbuf.mo
usr/share/locale/hr/LC_MESSAGES/gdk-pixbuf.mo
usr/share/locale/hu/LC_MESSAGES/gdk-pixbuf.mo
usr/share/locale/hy/LC_MESSAGES/gdk-pixbuf.mo
usr/share/locale/ia/LC_MESSAGES/gdk-pixbuf.mo
usr/share/locale/id/LC_MESSAGES/gdk-pixbuf.mo
usr/share/locale/io/LC_MESSAGES/gdk-pixbuf.mo
usr/share/locale/is/LC_MESSAGES/gdk-pixbuf.mo
usr/share/locale/it/LC_MESSAGES/gdk-pixbuf.mo
usr/share/locale/ja/LC_MESSAGES/gdk-pixbuf.mo
usr/share/locale/ka/LC_MESSAGES/gdk-pixbuf.mo
usr/share/locale/km/LC_MESSAGES/gdk-pixbuf.mo
usr/share/locale/kn/LC_MESSAGES/gdk-pixbuf.mo
usr/share/locale/ko/LC_MESSAGES/gdk-pixbuf.mo
usr/share/locale/ku/LC_MESSAGES/gdk-pixbuf.mo
usr/share/locale/li/LC_MESSAGES/gdk-pixbuf.mo
usr/share/locale/lt/LC_MESSAGES/gdk-pixbuf.mo
usr/share/locale/lv/LC_MESSAGES/gdk-pixbuf.mo
usr/share/locale/mai/LC_MESSAGES/gdk-pixbuf.mo
usr/share/locale/mi/LC_MESSAGES/gdk-pixbuf.mo
usr/share/locale/mk/LC_MESSAGES/gdk-pixbuf.mo
usr/share/locale/ml/LC_MESSAGES/gdk-pixbuf.mo
usr/share/locale/mn/LC_MESSAGES/gdk-pixbuf.mo
usr/share/locale/mr/LC_MESSAGES/gdk-pixbuf.mo
usr/share/locale/ms/LC_MESSAGES/gdk-pixbuf.mo
usr/share/locale/my/LC_MESSAGES/gdk-pixbuf.mo
usr/share/locale/nb/LC_MESSAGES/gdk-pixbuf.mo
usr/share/locale/nds/LC_MESSAGES/gdk-pixbuf.mo
usr/share/locale/ne/LC_MESSAGES/gdk-pixbuf.mo
usr/share/locale/nl/LC_MESSAGES/gdk-pixbuf.mo
usr/share/locale/nn/LC_MESSAGES/gdk-pixbuf.mo
usr/share/locale/nso/LC_MESSAGES/gdk-pixbuf.mo
usr/share/locale/oc/LC_MESSAGES/gdk-pixbuf.mo
usr/share/locale/or/LC_MESSAGES/gdk-pixbuf.mo
usr/share/locale/pa/LC_MESSAGES/gdk-pixbuf.mo
usr/share/locale/pl/LC_MESSAGES/gdk-pixbuf.mo
usr/share/locale/ps/LC_MESSAGES/gdk-pixbuf.mo
usr/share/locale/pt_BR/LC_MESSAGES/gdk-pixbuf.mo
usr/share/locale/pt/LC_MESSAGES/gdk-pixbuf.mo
usr/share/locale/ro/LC_MESSAGES/gdk-pixbuf.mo
usr/share/locale/ru/LC_MESSAGES/gdk-pixbuf.mo
usr/share/locale/si/LC_MESSAGES/gdk-pixbuf.mo
usr/share/locale/sk/LC_MESSAGES/gdk-pixbuf.mo
usr/share/locale/sl/LC_MESSAGES/gdk-pixbuf.mo
usr/share/locale/sq/LC_MESSAGES/gdk-pixbuf.mo
usr/share/locale/sr@ije/LC_MESSAGES/gdk-pixbuf.mo
usr/share/locale/sr@latin/LC_MESSAGES/gdk-pixbuf.mo
usr/share/locale/sr/LC_MESSAGES/gdk-pixbuf.mo
usr/share/locale/sv/LC_MESSAGES/gdk-pixbuf.mo
usr/share/locale/ta/LC_MESSAGES/gdk-pixbuf.mo
usr/share/locale/te/LC_MESSAGES/gdk-pixbuf.mo
usr/share/locale/th/LC_MESSAGES/gdk-pixbuf.mo
usr/share/locale/tk/LC_MESSAGES/gdk-pixbuf.mo
usr/share/locale/tr/LC_MESSAGES/gdk-pixbuf.mo
usr/share/locale/tt/LC_MESSAGES/gdk-pixbuf.mo
usr/share/locale/ug/LC_MESSAGES/gdk-pixbuf.mo
usr/share/locale/uk/LC_MESSAGES/gdk-pixbuf.mo
usr/share/locale/uz@cyrillic/LC_MESSAGES/gdk-pixbuf.mo
usr/share/locale/uz/LC_MESSAGES/gdk-pixbuf.mo
usr/share/locale/vi/LC_MESSAGES/gdk-pixbuf.mo
usr/share/locale/wa/LC_MESSAGES/gdk-pixbuf.mo
usr/share/locale/xh/LC_MESSAGES/gdk-pixbuf.mo
usr/share/locale/yi/LC_MESSAGES/gdk-pixbuf.mo
usr/share/locale/zh_CN/LC_MESSAGES/gdk-pixbuf.mo
usr/share/locale/zh_HK/LC_MESSAGES/gdk-pixbuf.mo
usr/share/locale/zh_TW/LC_MESSAGES/gdk-pixbuf.mo
usr/share/themes/
usr/share/themes/Breeze::OS/gtk-2.0
usr/share/themes/Breeze::OS/gtk-2.0/gtkrc
usr/share/themes/Clearlooks/gtk-2.0
usr/share/themes/Clearlooks/gtk-2.0/gtkrc
usr/share/themes/dark/gtk-2.0
usr/share/themes/dark/gtk-2.0/gtkrc
usr/share/themes/Industrial/gtk-2.0
usr/share/themes/Industrial/gtk-2.0/gtkrc
usr/share/X11/
var/run/brltty
