All/base/aaa-base_14.2_amd64.tkg
All/base/aaa-terminfo_5.9_amd64.tkg
All/base/etc_14.2_amd64.tkg
All/shells/ash_0.4.0_amd64.tkg
All/i18n-l10n/glibc-i18n_2.23_amd64.tkg
All/libs/glibc-profile_2.23_amd64.tkg
All/libs/glibc-solibs_2.23_amd64.tkg
All/libs/glibc-zoneinfo_2019a_amd64.tkg
All/utils/grep_2.25_amd64.tkg
All/utils/which_2.21_amd64.tkg
All/libs/glibc_2.23_amd64.tkg
All/admin/acct_6.5.4_amd64.tkg
All/admin/acpid_2.0.26_amd64.tkg
All/utils/util-linux_2.27.1_amd64.tkg
All/network/libmnl_1.0.3_amd64.tkg
All/network/libnfnetlink_1.0.1_amd64.tkg
All/network/libnetfilter-conntrack_1.0.5_amd64.tkg
All/libs/libnl_1.1.4_amd64.tkg
All/libs/libnl3_3.2.27_amd64.tkg
All/libs/libusb_1.0.20_amd64.tkg
All/libs/libpcap_1.8.1_amd64.tkg
All/network/iptables_1.6.0_amd64.tkg
All/libs/mpfr_3.1.4_amd64.tkg
All/text/libmpc_1.0.3_amd64.tkg
All/devel/gcc-g++_5.5.0_amd64.tkg
All/devel/gcc_5.5.0_amd64.tkg
All/libs/gmp_6.1.1_amd64.tkg
All/libs/libtermcap_1.2.3_amd64.tkg
All/libs/readline_6.3_amd64.tkg
All/interpreters/gawk_4.1.3_amd64.tkg
All/network/iproute2_4.4.0_amd64.tkg
All/admin/sysklogd_1.5.1_amd64.tkg
All/utils/bin_11.1_amd64.tkg
All/shells/bash_4.3.048_amd64.tkg
All/admin/attr_2.4.47_amd64.tkg
All/utils/acl_2.2.52_amd64.tkg
All/libs/libcap_2.22_amd64.tkg
All/utils/coreutils_8.25_amd64.tkg
All/text/texinfo_6.1_amd64.tkg
All/utils/diffutils_3.3_amd64.tkg
All/admin/usbutils_008_amd64.tkg
All/admin/pm-utils_1.4.1_amd64.tkg
All/utils/xz_5.2.2_amd64.tkg
All/admin/kmod_22_amd64.tkg
All/admin/pciutils_3.4.1_amd64.tkg
All/sysutils/procps-ng_3.3.15_amd64.tkg
All/libs/expat_2.2.2_amd64.tkg
All/devel/dbus_1.10.8_amd64.tkg
All/admin/gamin_0.1.10_amd64.tkg
All/libs/libffi_3.2.1_amd64.tkg
All/libs/glib2_2.46.2_amd64.tkg
All/libs/dbus-glib_0.106_amd64.tkg
All/libs/libnih_1.0.3_amd64.tkg
All/misc/cgmanager_0.39_amd64.tkg
All/database/sqlite_3.13.0_amd64.tkg
All/web/mozilla-nss_3.40.1_amd64.tkg
All/libs/js185_1.0.0_amd64.tkg
All/libs/libimobiledevice_1.2.0_amd64.tkg
All/utils/usbmuxd_1.1.0_amd64.tkg
All/libs/polkit_0.113_amd64.tkg
All/libs/consolekit2_1.0.0_amd64.tkg
All/utils/findutils_4.4.2_amd64.tkg
All/sysutils/eudev_3.1.5_amd64.tkg
All/admin/mistral_0.9.1_amd64.tkg
All/admin/breeze-scripts_1.3.0_amd64.tkg
All/admin/brzctl_1.4.0_amd64.tkg
All/network/network-scripts_14.2_amd64.tkg
All/admin/sysvinit_2.88dsf_amd64.tkg
All/admin/sysvinit-functions_8.53_amd64.tkg
All/admin/sysvinit-scripts_2.0_amd64.tkg
All/network/wireless-tools_29_amd64.tkg
All/utils/bzip2_1.0.6_amd64.tkg
All/libs/ncurses_5.9_amd64.tkg
All/python/python_2.7.16_amd64.tkg
All/libs/alsa-lib_1.1.1_amd64.tkg
All/libs/glib_1.2.10_amd64.tkg
All/libs/libogg_1.3.2_amd64.tkg
All/sound/flac_1.3.1_amd64.tkg
All/libs/libvorbis_1.3.6_amd64.tkg
All/libs/libsndfile_1.0.26_amd64.tkg
All/libs/libsamplerate_0.1.8_amd64.tkg
All/sound/alsa-utils_1.1.1_amd64.tkg
All/network/inetd_1.79s_amd64.tkg
All/network/dhcp_4.4.1_amd64.tkg
All/network/dhcpcd_6.8.2_amd64.tkg
All/admin/rc-services_1.2.1_amd64.tkg
All/admin/arno-firewall_2.0.1e_amd64.tkg
All/admin/at_3.1.19_amd64.tkg
All/libs/libpng_1.6.37_amd64.tkg
All/libs/freetype_2.6.3_amd64.tkg
All/fonts/fontconfig_2.11.1_amd64.tkg
All/libs/libpciaccess_0.13.4_amd64.tkg
All/graphics/libdrm_2.4.68_amd64.tkg
All/x11/libx11_1.6.6_amd64.tkg
All/x11/libxau_1.0.8_amd64.tkg
All/x11/libxdmcp_1.1.2_amd64.tkg
All/x11/libxcb_1.11.1_amd64.tkg
All/x11/libxfixes_5.0.3_amd64.tkg
All/x11/libxdamage_1.1.4_amd64.tkg
All/x11/libxext_1.3.3_amd64.tkg
All/x11/libxrender_0.9.10_amd64.tkg
All/x11/libxxf86vm_1.1.4_amd64.tkg
All/libs/lzo_2.09_amd64.tkg
All/x11/libxi_1.7.8_amd64.tkg
All/x11/libxrandr_1.5.1_amd64.tkg
All/x11/freeglut_2.8.1_amd64.tkg
All/libs/libice_1.0.9_amd64.tkg
All/libs/libsm_1.2.2_amd64.tkg
All/x11/libxt_1.1.5_amd64.tkg
All/x11/libxmu_1.1.2_amd64.tkg
All/libs/glew_1.13.0_amd64.tkg
All/libs/glu_9.0.0_amd64.tkg
All/graphics/mesa_11.2.2_amd64.tkg
All/x11/pixman_0.34.0_amd64.tkg
All/libs/cairo_1.14.6_amd64.tkg
All/sound/cdparanoia_III-10.2_amd64.tkg
All/misc/gpm_1.20.7_amd64.tkg
All/libs/pcre_8.39_amd64.tkg
All/interpreters/slang_2.3.0_amd64.tkg
All/libs/aalib_1.4rc5_amd64.tkg
All/libs/audiofile_0.3.6_amd64.tkg
All/sound/esound_0.2.41_amd64.tkg
All/network/cyrus-sasl_2.1.26_amd64.tkg
All/libs/libxml2_2.9.5_amd64.tkg
All/network/openldap-client_2.4.42_amd64.tkg
All/libs/gconf_3.2.6_amd64.tkg
All/libs/libtiff_4.0.10_amd64.tkg
All/libs/gdk-pixbuf2_2.32.3_amd64.tkg
All/libs/libcaca_0.99.beta18_amd64.tkg
All/gnome/libgnome-keyring_3.12.0_amd64.tkg
All/libs/libsoup_2.52.2_amd64.tkg
All/x11/libxv_1.0.11_amd64.tkg
All/interpreters/slang1_1.4.9_amd64.tkg
All/libs/taglib_1.10_amd64.tkg
All/libs/v4l-utils_1.10.0_amd64.tkg
All/sound/wavpack_4.75.2_amd64.tkg
All/multimedia/gst-plugins-good_1.6.4_amd64.tkg
All/libs/gstreamer_1.6.4_amd64.tkg
All/libs/libtheora_1.1.1_amd64.tkg
All/libs/libvisual_0.4.0_amd64.tkg
All/libs/icu4c_56.1_amd64.tkg
All/libs/harfbuzz_1.2.7_amd64.tkg
All/x11/libxft_2.3.2_amd64.tkg
All/libs/pango_1.38.1_amd64.tkg
All/multimedia/gst-plugins-base_1.6.4_amd64.tkg
All/libs/libusb-compat_0.1.5_amd64.tkg
All/admin/bluez_5.47_amd64.tkg
All/admin/bluez-firmware_1.2_amd64.tkg
All/admin/brzboot_0.9.1_amd64.tkg
All/libs/giflib_5.1.1_amd64.tkg
All/libs/libid3tag_0.15.1b_amd64.tkg
All/libs/libjpeg-turbo_1.5.0_amd64.tkg
All/libs/zlib_1.2.11_amd64.tkg
All/libs/imlib2_1.4.9_amd64.tkg
All/admin/keyutils_1.5.9_amd64.tkg
All/encryption/nettle_3.4.1_amd64.tkg
All/x11/libevdev_1.4.1_amd64.tkg
All/x11/libxcomposite_0.4.4_amd64.tkg
All/x11/libxcursor_1.1.15_amd64.tkg
All/x11/libxinerama_1.1.3_amd64.tkg
All/x11/libxres_1.2.0_amd64.tkg
All/libs/atk_2.18.0_amd64.tkg
All/printing/cups_2.1.4_amd64.tkg
All/libs/gtk+2_2.24.31_amd64.tkg
All/x11-devel/xcb-util_0.4.0_amd64.tkg
All/libs/startup-notification_0.12_amd64.tkg
All/libs/libwnck_2.31.0_amd64.tkg
All/x11/libxshmfence_1.2_amd64.tkg
All/libs/libfontenc_1.1.3_amd64.tkg
All/x11/mkfontscale_1.1.2_amd64.tkg
All/x11/mkfontdir_1.0.7_amd64.tkg
All/fonts/font-adobe-100dpi_1.0.3_amd64.tkg
All/fonts/font-adobe-75dpi_1.0.3_amd64.tkg
All/fonts/font-adobe-utopia-100dpi_1.0.4_amd64.tkg
All/fonts/font-adobe-utopia-75dpi_1.0.4_amd64.tkg
All/fonts/font-adobe-utopia-type1_1.0.4_amd64.tkg
All/fonts/font-alias_1.0.3_amd64.tkg
All/fonts/font-arabic-misc_1.0.3_amd64.tkg
All/fonts/font-bh-100dpi_1.0.3_amd64.tkg
All/fonts/font-bh-75dpi_1.0.3_amd64.tkg
All/fonts/font-bh-lucidatypewriter-100dpi_1.0.3_amd64.tkg
All/fonts/font-bh-lucidatypewriter-75dpi_1.0.3_amd64.tkg
All/fonts/font-bh-ttf_1.0.3_amd64.tkg
All/fonts/font-bh-type1_1.0.3_amd64.tkg
All/fonts/font-bitstream-100dpi_1.0.3_amd64.tkg
All/fonts/font-bitstream-75dpi_1.0.3_amd64.tkg
All/fonts/font-bitstream-speedo_1.0.2_amd64.tkg
All/fonts/font-bitstream-type1_1.0.3_amd64.tkg
All/fonts/font-cronyx-cyrillic_1.0.3_amd64.tkg
All/fonts/font-cursor-misc_1.0.3_amd64.tkg
All/fonts/font-daewoo-misc_1.0.3_amd64.tkg
All/fonts/font-dec-misc_1.0.3_amd64.tkg
All/fonts/font-ibm-type1_1.0.3_amd64.tkg
All/fonts/font-isas-misc_1.0.3_amd64.tkg
All/fonts/font-jis-misc_1.0.3_amd64.tkg
All/fonts/font-micro-misc_1.0.3_amd64.tkg
All/fonts/font-misc-cyrillic_1.0.3_amd64.tkg
All/fonts/font-misc-ethiopic_1.0.3_amd64.tkg
All/fonts/font-misc-meltho_1.0.3_amd64.tkg
All/fonts/font-misc-misc_1.1.2_amd64.tkg
All/fonts/font-mutt-misc_1.0.3_amd64.tkg
All/fonts/font-schumacher-misc_1.1.2_amd64.tkg
All/fonts/font-screen-cyrillic_1.0.4_amd64.tkg
All/fonts/font-sony-misc_1.0.3_amd64.tkg
All/fonts/font-sun-misc_1.0.3_amd64.tkg
All/fonts/font-util_1.3.1_amd64.tkg
All/fonts/font-winitzki-cyrillic_1.0.3_amd64.tkg
All/fonts/font-xfree86-type1_1.0.4_amd64.tkg
All/fonts/tibmachuni-font-ttf_1.901b_amd64.tkg
All/fonts/dejavu-fonts-ttf_2.34_amd64.tkg
All/fonts/freefonts_1.0_amd64.tkg
All/fonts/xfonts-base_7.7_all.tkg
All/x11/libxfont_1.5.1_amd64.tkg
All/x11/bdftopcf_1.0.5_amd64.tkg
All/x11/fonttosfnt_1.0.4_amd64.tkg
All/libs/libfs_1.0.7_amd64.tkg
All/x11/fslsfonts_1.0.5_amd64.tkg
All/x11/fstobdf_1.0.6_amd64.tkg
All/x11/showfont_1.0.5_amd64.tkg
All/x11/xfs_1.1.4_amd64.tkg
All/x11/xfsinfo_1.0.5_amd64.tkg
All/x11/libxpm_3.5.11_amd64.tkg
All/x11/xfontsel_1.0.5_amd64.tkg
All/x11/xfd_1.1.2_amd64.tkg
All/x11/xfonts-utils_7.7_all.tkg
All/admin/sysfsutils_2.1.0_amd64.tkg
All/x11/xf86-input-acecad_1.5.0_amd64.tkg
All/x11-devel/mtdev_1.1.5_amd64.tkg
All/x11/xf86-input-evdev_2.10.3_amd64.tkg
All/x11/xf86-input-joystick_1.6.1_amd64.tkg
All/x11/xf86-input-keyboard_1.8.1_amd64.tkg
All/x11/xf86-input-mouse_1.9.1_amd64.tkg
All/x11/xf86-input-penmount_1.5.0_amd64.tkg
All/x11/libxtst_1.2.3_amd64.tkg
All/x11/xf86-input-synaptics_1.8.3_amd64.tkg
All/x11/xf86-input-vmmouse_13.1.0_amd64.tkg
All/x11/xf86-input-void_1.4.0_amd64.tkg
All/x11/xf86-input-wacom_0.33.0_amd64.tkg
All/x11/xf86-video-apm_1.2.5_amd64.tkg
All/x11/xf86-video-ark_0.7.5_amd64.tkg
All/x11/xf86-video-ast_1.1.5_amd64.tkg
All/x11/xf86-video-ati_7.7.0_amd64.tkg
All/x11/xf86-video-chips_1.2.6_amd64.tkg
All/x11/xf86-video-cirrus_1.5.3_amd64.tkg
All/x11/xf86-video-dummy_0.3.7_amd64.tkg
All/x11/xf86-video-fbdev_0.4.4_amd64.tkg
All/x11/xf86-video-glint_1.2.8_amd64.tkg
All/x11/xf86-video-i128_1.3.6_amd64.tkg
All/x11/xf86-video-i740_1.3.5_amd64.tkg
All/x11/libxvmc_1.0.10_amd64.tkg
All/x11/xf86-video-intel_git-20160601-b617f80_amd64.tkg
All/x11/xf86-video-mach64_6.9.5_amd64.tkg
All/x11/xf86-video-mga_1.6.4_amd64.tkg
All/x11/xf86-video-neomagic_1.2.9_amd64.tkg
All/x11/xf86-video-nouveau_1.0.12_amd64.tkg
All/x11/xf86-video-nv_2.1.20_amd64.tkg
All/x11/xf86-video-openchrome_0.4.0_amd64.tkg
All/x11/xf86-video-r128_6.10.1_amd64.tkg
All/x11/xf86-video-rendition_4.2.6_amd64.tkg
All/x11/xf86-video-s3_0.6.5_amd64.tkg
All/x11/xf86-video-s3virge_1.10.7_amd64.tkg
All/x11/xf86-video-savage_2.3.8_amd64.tkg
All/x11/xf86-video-siliconmotion_1.7.8_amd64.tkg
All/x11/xf86-video-sis_0.10.8_amd64.tkg
All/x11/xf86-video-tdfx_1.4.6_amd64.tkg
All/x11/xf86-video-tga_1.2.2_amd64.tkg
All/x11/xf86-video-trident_1.3.7_amd64.tkg
All/x11/xf86-video-v4l_0.2.0_amd64.tkg
All/x11/xf86-video-vesa_2.3.4_amd64.tkg
All/x11/xf86-video-vmware_13.1.0_amd64.tkg
All/x11/xf86-video-voodoo_1.2.5_amd64.tkg
All/x11/libxxf86dga_1.1.4_amd64.tkg
All/x11/xf86dga_1.0.3_amd64.tkg
All/x11/x11-drivers_7.7_all.tkg
All/x11/libxaw_1.0.13_amd64.tkg
All/x11/libxkbfile_1.0.9_amd64.tkg
All/x11/xbitmaps_1.1.1_amd64.tkg
All/x11/bitmap_1.0.8_amd64.tkg
All/x11/x11perf_1.6.0_amd64.tkg
All/x11/xinit_1.3.4_amd64.tkg
All/x11/xbiff_1.0.3_amd64.tkg
All/x11/xcalc_1.0.6_amd64.tkg
All/x11/xclipboard_1.1.3_amd64.tkg
All/x11/oclock_1.0.3_amd64.tkg
All/x11/xclock_1.0.7_amd64.tkg
All/x11/xconsole_1.0.6_amd64.tkg
All/x11/xcursorgen_1.0.6_amd64.tkg
All/x11/xditview_1.0.4_amd64.tkg
All/x11/xev_1.2.2_amd64.tkg
All/x11/xeyes_1.1.1_amd64.tkg
All/x11/xgc_1.0.5_amd64.tkg
All/x11/xload_1.1.2_amd64.tkg
All/x11/xlogo_1.0.4_amd64.tkg
All/x11/xmag_1.0.6_amd64.tkg
All/x11/xman_1.1.4_amd64.tkg
All/x11/xmore_1.0.2_amd64.tkg
All/x11/xwd_1.0.6_amd64.tkg
All/x11/xwud_1.0.4_amd64.tkg
All/x11/xmessage_1.0.4_amd64.tkg
All/x11/xauth_1.0.9_amd64.tkg
All/x11/smproxy_1.0.6_amd64.tkg
All/x11/xsm_1.0.3_amd64.tkg
All/x11/ico_1.0.4_amd64.tkg
All/x11/xbacklight_1.2.1_amd64.tkg
All/x11/xkill_1.0.4_amd64.tkg
All/x11/xmodmap_1.0.9_amd64.tkg
All/x11/xmh_1.0.3_amd64.tkg
All/x11/xrandr_1.5.0_amd64.tkg
All/x11/xdm_1.1.11_amd64.tkg
All/x11/x11-apps_7.7_all.tkg
All/x11/luit_1.1.1_amd64.tkg
All/x11/appres_1.0.4_amd64.tkg
All/x11/editres_1.0.6_amd64.tkg
All/x11-devel/listres_1.0.3_amd64.tkg
All/x11/viewres_1.0.4_amd64.tkg
All/x11-devel/libdmx_1.1.3_amd64.tkg
All/x11/libxxf86misc_1.0.3_amd64.tkg
All/x11/xdpyinfo_1.3.2_amd64.tkg
All/x11/xdriinfo_1.0.5_amd64.tkg
All/x11/xlsatoms_1.1.2_amd64.tkg
All/x11/xlsclients_1.1.3_amd64.tkg
All/x11/xlsfonts_1.0.5_amd64.tkg
All/x11/xprop_1.2.2_amd64.tkg
All/x11/xvinfo_1.1.3_amd64.tkg
All/x11/xwininfo_1.1.3_amd64.tkg
All/x11/mkcomposecache_1.2.1_amd64.tkg
All/x11/x11-utils_7.7_all.tkg
All/x11/setxkbmap_1.3.1_amd64.tkg
All/x11/xkbcomp_1.3.0_amd64.tkg
All/x11/xkbprint_1.0.4_amd64.tkg
All/x11/xkbevd_1.1.4_amd64.tkg
All/x11/xkbutils_1.0.4_amd64.tkg
All/x11/xkeyboard-config_2.17_amd64.tkg
All/x11/x11-xkb-utils_7.7_all.tkg
All/x11-devel/xcb-util-keysyms_0.4.0_amd64.tkg
All/x11/iceauth_1.0.7_amd64.tkg
All/x11/sessreg_1.1.0_amd64.tkg
All/x11/xgamma_1.0.6_amd64.tkg
All/x11/xhost_1.0.7_amd64.tkg
All/x11/xrdb_1.1.0_amd64.tkg
All/x11/xrefresh_1.0.5_amd64.tkg
All/x11/rgb_1.0.6_amd64.tkg
All/x11/libxfontcache_1.0.5_amd64.tkg
All/x11/xset_1.2.3_amd64.tkg
All/x11/xsetroot_1.1.1_amd64.tkg
All/x11/xstdcmap_1.0.3_amd64.tkg
All/x11/xvidtune_1.0.3_amd64.tkg
All/x11/xcmsdb_1.0.5_amd64.tkg
All/x11/x11-xserver-utils_7.7_all.tkg
All/x11/xterm_325_amd64.tkg
All/x11/xorg-server_1.18.3_amd64.tkg
All/x11/xorg-server-xephyr_1.18.3_amd64.tkg
All/x11/xorg-server-xvfb_1.18.3_amd64.tkg
All/x11/xorg-server-xnest_1.18.3_amd64.tkg
All/x11/xorg-cf-files_1.0.6_amd64.tkg
All/x11/x11-skel_7.7_amd64.tkg
All/x11/xorg_7.7_amd64.tkg
All/admin/brzdm_1.0.0_amd64.tkg
All/utils/slocate_3.1_amd64.tkg
All/libs/libidn_1.34_amd64.tkg
All/web/wget_1.20.3_amd64.tkg
All/web/curl_7.65.1_amd64.tkg
All/libs/popt_1.16_amd64.tkg
All/admin/brzidx_0.9.0_amd64.tkg
All/encryption/gnupg_1.4.23_amd64.tkg
All/encryption/openssl_1.0.2s_amd64.tkg
All/text/less_481_amd64.tkg
All/admin/brzpkg_2.3.0_amd64.tkg
All/admin/sudo_1.8.20p2_amd64.tkg
All/admin/bsudo_1.2.0_amd64.tkg
All/admin/brzinst-core_1.2.0_amd64.tkg
All/themes/brzinst-icons_1.2.0_amd64.tkg
All/admin/brzinst_1.4.0_amd64.tkg
All/x11/vte_0.28.2_amd64.tkg
All/x11/gtk-engines_2.21.0_amd64.tkg
All/themes/brzpkg-icons_1.3.0_amd64.tkg
All/admin/brzpkg-gtk_2.2.0_amd64.tkg
All/admin/cpufrequtils_008_amd64.tkg
All/admin/cryptsetup_1.7.1_amd64.tkg
All/admin/dcron_4.5_amd64.tkg
All/admin/devs_2.3.1_amd64.tkg
All/admin/e2fsprogs_1.43.1_amd64.tkg
All/admin/efibootmgr_0.6.0_amd64.tkg
All/admin/elilo_3.16_amd64.tkg
All/admin/getty-ps_2.1.0b_amd64.tkg
All/devel/nasm_2.13.01_amd64.tkg
All/admin/gnu-efi_3.0.4_amd64.tkg
All/admin/gptfdisk_1.0.0_amd64.tkg
All/admin/gummiboot_45_amd64.tkg
All/admin/hdparm_9.48_amd64.tkg
All/admin/lilo_24.2_amd64.tkg
All/admin/lm-sensors_3.4.0_amd64.tkg
All/admin/logrotate_3.8.9_amd64.tkg
All/admin/lsscsi_0.28_amd64.tkg
All/admin/lvm2_2.02.154_amd64.tkg
All/admin/lxc_2.0.9-d3a03247_amd64.tkg
All/admin/mbedtls_2.6.1_amd64.tkg
All/admin/mcelog_128_amd64.tkg
All/admin/mdadm_3.3.4_amd64.tkg
All/admin/media-player-info_18_amd64.tkg
All/admin/mkinitrd_1.4.10_amd64.tkg
All/admin/mkinitrd-brz_1.0.1_amd64.tkg
All/admin/mobile-broadband-provider-info_20151214_amd64.tkg
All/admin/mt-st_0.9b_amd64.tkg
All/admin/mtx_1.3.12_amd64.tkg
All/network/libnetfilter-acct_1.0.2_amd64.tkg
All/admin/nfacct_1.0.1_amd64.tkg
All/admin/openrc_0.40.3_amd64.tkg
All/admin/openrc-services_20190302_amd64.tkg
All/admin/parted_3.2_amd64.tkg
All/admin/pcmciautils_018_amd64.tkg
All/admin/pesign_0.109_amd64.tkg
All/admin/pkgtools_14.2_amd64.tkg
All/admin/ppp_2.4.7_amd64.tkg
All/admin/quota_4.03_amd64.tkg
All/encryption/libgpg-error_1.23_amd64.tkg
All/admin/rng-tools_4.0_amd64.tkg
All/admin/rogue_5.4.4_amd64.tkg
All/admin/sbsigntools_0.6_amd64.tkg
All/utils/sg3-utils_1.42_amd64.tkg
All/admin/sdparm_1.10_amd64.tkg
All/admin/shadow_4.2.1_amd64.tkg
All/admin/sharutils_4.15.2_amd64.tkg
All/admin/slackpkg_2.82.1_amd64.tkg
All/admin/sysstat_11.2.1.1_amd64.tkg
All/libs/libatasmart_0.19_amd64.tkg
All/admin/udisks_1.0.5_amd64.tkg
All/admin/udisks2_2.1.5_amd64.tkg
All/admin/upower_0.9.23_amd64.tkg
All/admin/utempter_1.1.6_amd64.tkg
All/devel/autoconf_2.69_amd64.tkg
All/devel/automake_1.15_amd64.tkg
All/devel/binutils_2.26_amd64.tkg
All/devel/bison_3.0.4_amd64.tkg
All/devel/ccache_3.2.4_amd64.tkg
All/devel/desktop-file-utils_0.22_amd64.tkg
All/devel/flex_2.6.0_amd64.tkg
All/devel/gettext_0.19.8.1_amd64.tkg
All/devel/intltool_0.51.0_amd64.tkg
All/devel/libtool_2.4.6_amd64.tkg
All/devel/make_4.1_amd64.tkg
All/devel/pkg-config_0.29.2_amd64.tkg
All/document/man-pages_4.06_amd64.tkg
All/editors/ed_1.13_amd64.tkg
All/utils/file_5.36_amd64.tkg
All/editors/nano_2.6.0_amd64.tkg
All/perl/perl_5.22.2_amd64.tkg
All/editors/vim_7.4.1938_amd64.tkg
All/encryption/ca-certificates_20190308_amd64.tkg
All/encryption/libassuan_2.4.2_amd64.tkg
All/encryption/libksba_1.3.3_amd64.tkg
All/libs/pth_2.0.7_amd64.tkg
All/encryption/gnupg2_2.0.31_amd64.tkg
All/encryption/openssh_7.4p1_amd64.tkg
All/encryption/openssl-solibs_1.0.2s_amd64.tkg
All/filesystems/btrfs-progs_v4.5.3_amd64.tkg
All/libs/libao_1.2.0_amd64.tkg
All/libs/libmad_0.15.1b_amd64.tkg
All/filesystems/cdrdao_1.2.3_amd64.tkg
All/filesystems/cdrtools_3.01_amd64.tkg
All/filesystems/dosfstools_3.0.28_amd64.tkg
All/filesystems/floppy_5.5_amd64.tkg
All/filesystems/reiserfsprogs_3.6.24_amd64.tkg
All/libs/svgalib_1.9.25_amd64.tkg
All/graphics/netpbm_10.66.02_amd64.tkg
All/i18n-l10n/iso-codes_3.67_amd64.tkg
All/interpreters/m4_1.4.17_amd64.tkg
All/mail/mailx_12.5_amd64.tkg
All/database/db48_4.8.30_amd64.tkg
All/mail/sendmail_8.15.2_amd64.tkg
All/mail/sendmail-cf_8.15.2_amd64.tkg
All/misc/dialog_1.2-20130523_amd64.tkg
All/misc/memtest86_4.20_amd64.tkg
All/misc/shared-mime-info_1.6_amd64.tkg
All/multimedia/dvd+rw-tools_7.1_amd64.tkg
All/network/bind_9.11.6-P1_amd64.tkg
All/network/iptraf-ng_1.1.4_amd64.tkg
All/network/iputils_s20140519_amd64.tkg
All/network/iw_4.3_amd64.tkg
All/network/nc_1.10_amd64.tkg
All/network/net-tools_1.60.20120726git_amd64.tkg
All/network/netdate_bsd4_amd64.tkg
All/network/netwatch_1.3.1-2_amd64.tkg
All/network/rp-pppoe_3.12_amd64.tkg
All/network/rsync_3.1.3_amd64.tkg
All/network/tcpdump_4.9.2_amd64.tkg
All/network/traceroute_2.0.21_amd64.tkg
All/network/whois_5.2.12_amd64.tkg
All/shells/bash-completion_2.2_amd64.tkg
All/sound/alsa-oss_1.0.28_amd64.tkg
All/sound/sound-theme-freedesktop_0.7_amd64.tkg
All/sound/vorbis-tools_1.4.0_amd64.tkg
All/text/aspell_0.60.6.1_amd64.tkg
All/text/aspell-en_7.1-0_amd64.tkg
All/text/bc_1.06.95_amd64.tkg
All/text/ghostscript_9.26_amd64.tkg
All/libs/libcroco_0.6.11_amd64.tkg
All/libs/librsvg_2.40.20_amd64.tkg
All/text/gnuchess_6.2.2_amd64.tkg
All/text/groff_1.22.3_amd64.tkg
All/x11/libxaw3d_1.6.2_amd64.tkg
All/text/gv_3.7.4_amd64.tkg
All/utils/bsd-finger_0.17_amd64.tkg
All/utils/cpio_2.12_amd64.tkg
All/utils/dmidecode_3.0_amd64.tkg
All/libs/libzip_1.0.1_amd64.tkg
All/utils/ebook-tools_0.2.2_amd64.tkg
All/utils/eject_2.1.5_amd64.tkg
All/utils/gzip_1.8_amd64.tkg
All/utils/icon-naming-utils_0.8.90_amd64.tkg
All/utils/infozip_6.0_amd64.tkg
All/utils/kbd_1.15.3_amd64.tkg
All/utils/lha_114i_amd64.tkg
All/utils/lrzip_0.621_amd64.tkg
All/utils/lsof_4.89_amd64.tkg
All/utils/man_1.6g_amd64.tkg
All/utils/ncompress_4.2.4.4_amd64.tkg
All/utils/sed_4.2.2_amd64.tkg
All/utils/strace_4.11_amd64.tkg
All/utils/tar_1.29_amd64.tkg
All/utils/time_1.7_amd64.tkg
All/x11/blackbox_0.70.1_amd64.tkg
All/x11/xdg-user-dirs_0.15_amd64.tkg
All/x11/xdg-utils_1.1.1_amd64.tkg
All/x11-devel/bigreqsproto_1.1.2_amd64.tkg
All/x11-devel/compositeproto_0.4.2_amd64.tkg
All/x11-devel/damageproto_1.2.1_amd64.tkg
All/x11-devel/dmxproto_2.3.1_amd64.tkg
All/x11-devel/dri2proto_2.8_amd64.tkg
All/x11-devel/dri3proto_1.0_amd64.tkg
All/x11-devel/fixesproto_5.0_amd64.tkg
All/x11-devel/fontcacheproto_0.1.3_amd64.tkg
All/x11-devel/fontsproto_2.1.3_amd64.tkg
All/x11-devel/glproto_1.4.17_amd64.tkg
All/x11-devel/imake_1.0.7_amd64.tkg
All/x11-devel/inputproto_2.3.2_amd64.tkg
All/x11-devel/kbproto_1.0.7_amd64.tkg
All/x11-devel/libpthread-stubs_0.3_amd64.tkg
All/x11-devel/presentproto_1.0_amd64.tkg
All/x11-devel/printproto_1.0.5_amd64.tkg
All/x11-devel/randrproto_1.5.0_amd64.tkg
All/x11-devel/recordproto_1.14.2_amd64.tkg
All/x11-devel/renderproto_0.11.1_amd64.tkg
All/x11-devel/resourceproto_1.2.0_amd64.tkg
All/x11-devel/scrnsaverproto_1.2.2_amd64.tkg
All/x11-devel/util-macros_1.19.0_amd64.tkg
All/x11-devel/videoproto_2.3.3_amd64.tkg
All/x11/xf86miscproto_0.9.3_amd64.tkg
All/x11/xf86bigfontproto_1.2.0_amd64.tkg
All/x11-devel/xineramaproto_1.2.1_amd64.tkg
All/x11-devel/xcmiscproto_1.2.2_amd64.tkg
All/x11-devel/xcb-proto_1.11_amd64.tkg
All/x11/xf86dgaproto_2.1_amd64.tkg
All/x11/xf86driproto_2.1.1_amd64.tkg
All/x11/xf86vidmodeproto_2.3.1_amd64.tkg
All/x11-devel/xproto_7.0.29_amd64.tkg
All/x11-devel/xextproto_7.3.0_amd64.tkg
All/x11-devel/x11-proto_7.7_all.tkg
All/x11-devel/xcb-util-image_0.4.0_amd64.tkg
All/x11-devel/xcb-util-renderutil_0.3.9_amd64.tkg
All/x11-devel/xcb-util-cursor_0.1.2_amd64.tkg
All/x11-devel/xcb-util-errors_1.0_amd64.tkg
All/x11-devel/xcb-util-wm_0.4.1_amd64.tkg
All/sound/xmms2_20150712-942b17f_amd64.tkg
All/sound/lxmusic_0.4.7_amd64.tkg
All/utils/fuse_2.9.5_amd64.tkg
All/sysutils/os-prober_1.70_amd64.tkg
All/admin/grub_2.00_amd64.tkg
All/filesystems/mtools_4.0.18_amd64.tkg
All/utils/syslinux_4.07_amd64.tkg
All/themes/syslinux-breeze-theme_2.0_amd64.tkg
All/x11/libxevie_1.0.3_amd64.tkg
All/gnome/at-spi2-core_2.18.3_amd64.tkg
All/gnome/at-spi2-atk_2.18.1_amd64.tkg
All/libs/gtk+3_3.18.9_amd64.tkg
All/x11/libepoxy_1.3.1_amd64.tkg
All/libs/libevent_2.0.22_amd64.tkg
All/libs/libssh2_1.8.2_amd64.tkg
All/network/transmission_2.92_amd64.tkg
All/filesystems/jfsutils_1.1.15_amd64.tkg
All/filesystems/xfsprogs_4.3.0_amd64.tkg
All/multimedia/flashplayer_32.0_amd64.tkg
All/text/djvulibre_3.5.27_amd64.tkg
All/libs/fftw_3.3.4_amd64.tkg
All/libs/ilmbase_2.2.0_amd64.tkg
All/libs/jasper_1.900.1_amd64.tkg
All/libs/lcms2_2.7_amd64.tkg
All/libs/openexr_2.2.0_amd64.tkg
All/graphics/imagemagick_6.9.4-9_amd64.tkg
All/text/hunspell_1.3.3_amd64.tkg
All/libs/enchant_1.6.0_amd64.tkg
All/libs/gtkspell_2.0.16_amd64.tkg
All/x11/libxscrnsaver_1.2.2_amd64.tkg
All/interpreters/tcl_8.6.5_amd64.tkg
All/interpreters/tk_8.6.5_amd64.tkg
All/network/pidgin_2.12.0_amd64.tkg
All/kernel/kernel-firmware_20190118-a8b75ca_amd64.tkg
All/themes/breeze-gtk-theme_1.2_amd64.tkg
All/devel/gc_7.4.2_amd64.tkg
All/libs/libtasn1_4.8_amd64.tkg
All/encryption/p11-kit_0.23.2_amd64.tkg
All/encryption/gnutls_3.6.7_amd64.tkg
All/libs/libproxy_0.4.12_amd64.tkg
All/libs/glib-networking_2.46.1_amd64.tkg
All/libs/libarchive_3.2.1_amd64.tkg
All/libs/libcddb_1.3.2_amd64.tkg
All/libs/libcdio_0.93_amd64.tkg
All/libs/libexif_0.6.21_amd64.tkg
All/libs/gd_2.2.5_amd64.tkg
All/libs/libgphoto2_2.5.10_amd64.tkg
All/libs/libmtp_1.1.11_amd64.tkg
All/encryption/libsecret_0.18.5_amd64.tkg
All/libs/gvfs_1.26.3_amd64.tkg
All/themes/hicolor-icon-theme_0.15_amd64.tkg
All/encryption/libgcrypt_1.7.10_amd64.tkg
All/x11/lxappearance_0.6.3_amd64.tkg
All/x11/openbox_3.6.1_amd64.tkg
All/x11/lxappearance-obconf_0.2.3_amd64.tkg
All/x11/lxde-common_0.99.2_amd64.tkg
All/utils/lxdm_20170805-e3e7517_amd64.tkg
All/utils/lxinput_0.3.5_amd64.tkg
All/x11/lxmenu-data_0.1.5_amd64.tkg
All/libs/libfm-extra_1.3.1_amd64.tkg
All/libs/menu-cache_1.1.0_amd64.tkg
All/x11/lxlauncher_0.2.5_amd64.tkg
All/x11/lxmed_20120515_amd64.tkg
All/libs/libfm_1.3.1_amd64.tkg
All/x11/lxpanel_0.10.0_amd64.tkg
All/utils/lxrandr_0.3.2_amd64.tkg
All/gnome/libunique_1.1.6_amd64.tkg
All/devel/vala_0.30.1_amd64.tkg
All/utils/lxsession_0.5.4_amd64.tkg
All/utils/lxtask_0.1.9_amd64.tkg
All/utils/lxterminal_0.3.2_amd64.tkg
All/themes/tango-icon-theme_0.8.90_amd64.tkg
All/themes/ultra-flat-icon-theme_1.3.4_amd64.tkg
All/x11/lx-colors-themes_20150908_amd64.tkg
All/lxde/lxde.org_0.5.2_amd64.tkg
All/libs/libnotify_0.7.6_amd64.tkg
All/libdevel/glade3_3.8.5_amd64.tkg
All/xfce/libxfce4util_4.12.1_amd64.tkg
All/xfce/xfconf_4.12.0_amd64.tkg
All/xfce/libxfce4ui_4.12.1_amd64.tkg
All/devel/orc_0.4.24_amd64.tkg
All/xfce/parole_0.8.1_amd64.tkg
All/network/libndp_1.6_amd64.tkg
All/network/libmbim_1.12.2_amd64.tkg
All/network/libqmi_1.12.6_amd64.tkg
All/network/modemmanager_1.4.14_amd64.tkg
All/network/networkmanager_1.8.4_amd64.tkg
All/network/ethtool_4.5_amd64.tkg
All/network/icmpinfo_1.11_amd64.tkg
All/network/idnkit_1.0_amd64.tkg
All/network/iftop_1.0pre2_amd64.tkg
All/x11/xf86-video-nouveau-blacklist_1.0.9_amd64.tkg
All/libs/openjpeg_2.3.1_amd64.tkg
All/libs/poppler_0.45.0_amd64.tkg
All/x11/epdfview_0.1.8_amd64.tkg
All/printing/gutenprint_5.2.11_amd64.tkg
All/printing/enscript_1.6.6_amd64.tkg
All/printing/a2ps_4.14_amd64.tkg
All/x11/xpr_1.0.4_amd64.tkg
All/x11/xscreensaver_5.42_amd64.tkg
All/themes/tango-icon-theme-extras_0.1.0_amd64.tkg
All/web/mozilla-firefox_60.7.0esr_amd64.tkg
All/network/wpa-supplicant_2.6_amd64.tkg
Stats: 666/536.13/2850.80
