Microsoft basic data=0700
Microsoft reserved=0c01
Windows RE=2700
Windows LDM data=4200
Windows LDM metadata=4201
IBM GPFS=7501
ChromeOS kernel=7f00
ChromeOS root=7f01
ChromeOS reserved=7f02
Linux swap=8200
Linux filesystem=8300
Linux extended=8500
Linux reserved=8301
Linux LVM=8e00
FreeBSD disklabel=a500
FreeBSD boot=a501
FreeBSD swap=a502
FreeBSD UFS=a503
FreeBSD ZFS=a504
FreeBSD Vinum/RAID=a505
Midnight BSD data=a580
Midnight BSD boot=a581
Midnight BSD swap=a582
Midnight BSD UFS=a583
Midnight BSD ZFS=a584
Midnight BSD Vinum=a585
Apple UFS=a800
NetBSD swap=a901
NetBSD FFS=a902
NetBSD LFS=a903
NetBSD concatenated =a904
NetBSD encrypted=a905
NetBSD RAID=a906
Apple boot=ab00
Apple HFS/HFS+=af00
Apple RAID=af01
Apple RAID offline=af02
Apple label=af03
AppleTV recovery=af04
Apple Core Storage=af05
Solaris boot=be00
Solaris root=bf00
Solaris /usr & Mac Z=bf01
Solaris swap=bf02
Solaris backup=bf03
Solaris /var=bf04
Solaris /home=bf05
Solaris alternate se=bf06
Solaris Reserved 1=bf07
Solaris Reserved 2=bf08
Solaris Reserved 3=bf09
Solaris Reserved 4=bf0a
Solaris Reserved 5=bf0b
HP-UX data  =c001
HP-UX service=c002
EFI System=ef00
GPT/EFI Hybrid=ee00
MBR partition scheme=ef01
BIOS boot =ef02
BIOS boot partition =ef02
Linux RAID=fd00
Empty=0
FAT12=1
XENIX root=2
XENIX usr=3
FAT16 <32M=4
Extended=5
FAT16=6
HPFS/NTFS/exFAT=7
AIX=8
AIX bootable=9
OS/2 Boot Manager=a
W95 FAT32=b
W95 FAT32 (LBA)=c
W95 FAT16 (LBA)=e
W95 Ext'd (LBA)=f
OPUS=1000
Hidden FAT12=11
Compaq diagnostics=12
Hidden FAT16 <32M=14
Hidden FAT16=16
Hidden HPFS-NTFS=17
Hidden HPFS/NTFS=1700
AST SmartSleep=18
Hidden W95 FAT32=1b
Hidden W95 FAT32 (LBA)=1c
Hidden W95 FAT16 (LBA)=1e
Hidden W95 FAT/32=1b00
Hidden W95 FAT/32 (LBA)=1c00
Hidden W95 FAT/16 (LBA)=1e00
NEC DOS=24
Hidden NTFS WinRE=27
Plan 9=39
PartitionMagic recovery=3c
Venix 80286=40
PPC PReP Boot=41
SFS=42
QNX4.x=4d
QNX4.x 2nd part=4e
QNX4.x 3rd part=4f
OnTrack DM=50
OnTrack DM6 Aux1=51
CP/M=52
OnTrack DM6 Aux3=53
OnTrackDM6=54
EZ-Drive=55
Golden Bow=56
Priam Edisk=5c
SpeedStor=61
GNU HURD or SysV=63
Novell Netware 286=64
Novell Netware 386=65
DiskSecure Multi-Boot=70
PC/IX=75
Old Minix=80
Minix / old Linux=81
OS/2 hidden C: drive=84
Linux Extended=85
Linux Swap=82
Linux Filesystem=83
NTFS volume set=86
NTFS Volume Set=87
Linux plaintext=88
Amoeba=93
Amoeba BBT=94
BSD/OS=9f
IBM Thinkpad hibernation=a0
FreeBSD=a5
OpenBSD=a6
NeXTSTEP=a7
Darwin UFS=a8
NetBSD=a9
Darwin boot=ab
HFS / HFS+=af
BSDI fs=b7
BSDI swap=b8
Boot Wizard hidden=bb
Solaris boot=be
Solaris=bf
DRDOS/sec (FAT-12)=c1
DRDOS/sec (FAT-16 < 32M)=c4
DRDOS/sec (FAT-16)=c6
Syrinx=c7
Non-FS data=da
CP/M / CTOS / ...=db
Dell Utility=de
BootIt=df
DOS access=e1
DOS R/O=e3
SpeedStor=e4
BeOS fs=eb
GPT=ee
EFI (FAT-12/16/32)=ef
EFI FAT-12/16/32=ef00
Linux/PA-RISC boot=f0
SpeedStor=f1
SpeedStor=f4
DOS secondary=f2
VMware VMFS=fb
VMware VMKCORE=fc
LANstep=fe
BBT=ff
