Albania [sq_AL]=sq_AL
Algeria [ar_DZ]=ar_DZ
Argentina [es_AR]=es_AR
Australia [en_AU]=en_AU
Austria [de_AT]=de_AT
Bahrain [ar_BH]=ar_BH
Belgium NL [nl_BE]=nl_BE
Belgium French [fr_BE]=fr_BE
Belorussia [be_BY]=be_BY
Bhutan [dz_BT]=dz_BT
Bolivia [es_BO]=es_BO
Bosnia [bs_BA]=bs_BA
Brazil [pt_BR]=pt_BR
Bulgaria [bg_BG]=bg_BG
Canada [en_CA]=en_CA
Canada French [fr_CA]=fr_CA
Chile [es_CL]=es_CL
China [zh_CN]=zh_CN
Colombia [es_CO]=es_CO
Costa-Rica [es_CR]=es_CR
Croatia [hr_HR]=hr_HR
Czech-Republic [cs_CZ]=cs_CZ
Denmark [da_DK]=da_DK
Dominican-Republic [es_DO]=es_DO
Ecuador [es_EC]=es_EC
Egypt [ar_EG]=ar_EG
El-Salvador [es_SV]=es_SV
Estonia [et_EE]=et_EE
Finland [fi_FI]=fi_FI
France [fr_FR]=fr_FR
Germany [de_DE]=de_DE
Greece [el_GR]=el_GR
Guatemala [es_GT]=es_GT
Honduras [es_HN]=es_HN
Hong-Kong [zh_HK]=zh_HK
Hungary [hu_HU]=hu_HU
Iceland [is_IS]=is_IS
#India [as_IN]=as_IN
#India [bn_IN]=bn_IN
India [en_IN]=en_IN
#India [hi_IN]=hi_IN
#India [ne_IN]=ne_IN
#India [or_IN]=or_IN
#India [pa_IN]=pa_IN
Indonesia [id_ID]=id_ID
Iran [fa_IR]=fa_IR
Iraq [ar_IQ]=ar_IQ
Ireland [en_IE]=en_IE
Israel [he_IL]=he_IL
#Israel [iw_IL]=iw_IL
Italy [it_IT]=it_IT
Japan [ja_JP]=ja_JP
Jordan [ar_JO]=ar_JO
Kuwait [ar_KW]=ar_KW
Latvia [lv_LV]=lv_LV
Lebanon [ar_LB]=ar_LB
Lesotho [xh_LS]=xh_LS
Libya [ar_LY]=ar_LY
Lithuania [lt_LT]=lt_LT
Luxembourg DE [de_LU]=de_LU
Luxembourg French [fr_LU]=fr_LU
Macedonia [mk_MK]=mk_MK
Malaysia [ms_MY]=ms_MY
Mexico [es_MX]=es_MX
Morocco [ar_MA]=ar_MA
Netherlands [nl_NL]=nl_NL
New-Zealand [en_NZ]=en_NZ
Nicaragua [es_NI]=es_NI
Norway NB  [nb_NO]=nb_NO
Norway NN [nn_NO]=nn_NO
Norway [no_NO]=no_NO
Oman [ar_OM]=ar_OM
Panama [es_PA]=es_PA
Paraguay [es_PY]=es_PY
Peru [es_PE]=es_PE
Poland [pl_PL]=pl_PL
Portugal [pt_PT]=pt_PT
Puerto-Rico [es_PR]=es_PR
Qatar [ar_QA]=ar_QA
Romania [ro_RO]=ro_RO
Russia [ru_RU]=ru_RU
Rwanda [rw_RW]=rw_RW
Saudi-Arabia [ar_SA]=ar_SA
Slovakia [sk_SK]=sk_SK
Slovenia [sl_SI]=sl_SI
South-Africa AF [af_ZA]=af_ZA
South-Africa NR [nr_ZA]=nr_ZA
South-Africa [en_ZA]=en_ZA
South-Korea [ko_KR]=ko_KR
Spain CA [ca_ES]=ca_ES
Spain [es_ES]=es_ES
Spain EU [eu_ES]=eu_ES
Spain GL [gl_ES]=gl_ES
Sudan [ar_SD]=ar_SD
Sweden [sv_SE]=sv_SE
Switzerland DE [de_CH]=de_CH
Switzerland FR [fr_CH]=fr_CH
Switzerland IT [it_CH]=it_CH
Syria [ar_SY]=ar_SY
Taiwan [zh_TW]=zh_TW
Thailand [th_TH]=th_TH
Tunisia [ar_TN]=ar_TN
Turkey [tr_TR]=tr_TR
Ukraine [uk_UA]=uk_UA
United-Arab-Emirates [ar_AE]=ar_AE
United Kingdom CY [cy_GB]=cy_GB
United-Kingdom [en_GB]=en_GB
United-States [en_US]=en_US
Uruguay [es_UY]=es_UY
Venezuela [es_VE]=es_VE
Vietnam [vi_VN]=vi_VN
Yemen [ar_YE]=ar_YE
Philippines [en_PH]=en_PH
Singapore [en_SG]=en_SG
Zimbabwe [en_ZW]=en_ZW

