GB=en_GB
NZ=en_NZ
US=en_US
US/Alaska=en_US
US/Pacific=en_US
US/Hawaii=en_US
US/Samoa=en_US
US/Michigan=en_US
US/Arizona=en_US
US/Mountain=en_US
US/Central=en_US
US/East-Indiana=en_US
US/Aleutian=en_US
US/Eastern=en_US
US/Indiana-Starke=en_US
#CET=
#EET=
#EST=
#GMT=
#HST=
#MET=
#MST=
#PRC=
#ROC=
#ROK=
#UCT=
#UTC=
#WET=
#Asia
Asia/Almaty=kk_KZ
Asia/Anadyr=ru_RU
Asia/Aden=ar_YE
Asia/Baku=az_AZ
Asia/Dili=pt_TL
Asia/Beirut=ar_LB
Asia/Gaza=ar_PS
Asia/Hovd=mn_MN
Asia/Omsk=ru_RU
Asia/Oral=kk_KZ
Asia/Aqtobe=kk_KZ
Asia/Brunei=en_BN
Asia/Baghdad=ar_IQ
Asia/Bahrain=ar_BH
Asia/Bangkok=th_TH
Asia/Makassar=id_ID
Asia/Vladivostok=ru_RU
Asia/Harbin=zh_CN
Asia/Amman=ar_JO
Asia/Aqtau=kk_KZ
Asia/Dacca=bn_BD
Asia/Dhaka=bn_BD
Asia/Dubai=ar_AE
Asia/Yekaterinburg=ru_RU
Asia/Kabul=fa_AF
Asia/Macao=zh_MO
Asia/Macau=pt_MO
Asia/Calcutta=hi_IN
Asia/Qatar=ar_QA
Asia/Seoul=ko_KR
Asia/Tokyo=ja_JP
Asia/Kuwait=ar_KW
Asia/Manila=tl_PH
Asia/Bishkek=ru_RU
Asia/Ho_Chi_Minh=vi_VN
Asia/Muscat=ar_OM
Asia/Jakarta=id_ID
Asia/Riyadh=ar_SA
Asia/Saigon=vi_VN
Asia/Taipei=zh_TW
Asia/Tehran=fa_IR
Asia/Thimbu=dz_BT
Asia/Choibalsan=mn_MN
Asia/Urumqi=zh_CN
Asia/Irkutsk=ru_RU
Asia/Karachi=sd_PK
Asia/Kashgar=zh_CN
Asia/Ulan_Bator=mn_MN
Asia/Colombo=si_LK
Asia/Rangoon=my_MM
Asia/Krasnoyarsk=ru_RU
Asia/Ashkhabad=tk_TM
Asia/Yakutsk=ru_RU
Asia/Istanbul=tr_TR
Asia/Tashkent=uz_UZ
Asia/Singapore=en_SG
Asia/Yerevan=hy_AM
Asia/Jayapura=id_ID
Asia/Samarkand=uz_UZ
Asia/Ashgabat=tk_TM
Asia/Riyadh87=ar_SA
Asia/Riyadh88=ar_SA
Asia/Riyadh89=ar_SA
Asia/Pontianak=id_ID
Asia/Kolkata=bn_IN
Asia/Kuching=ms_MY
Asia/Magadan=ru_RU
Asia/Shanghai=zh_CN
Asia/Pyongyang=ko_KR
Asia/Jerusalem=he_IL
Asia/Kuala_Lumpur=ms_MY
Asia/Tbilisi=ab_GE
Asia/Hong_Kong=zh_CN
Asia/Dushanbe=tg_TJ
Asia/Damascus=ar_SY
Asia/Sakhalin=ru_RU
Asia/Thimphu=dz_BT
Asia/Chungking=zh_CN
Asia/Kamchatka=ru_RU
Asia/Nicosia=el_CY
Asia/Ujung_Pandang=id_ID
Asia/Chongqing=zh_CN
Asia/Tel_Aviv=he_IL
Asia/Novosibirsk=ru_RU
Asia/Vientiane=lo_LA
Asia/Qyzylorda=kk_KZ
Asia/Phnom_Penh=vi_VN
Asia/Ulaanbaatar=mn_MN
Asia/Katmandu=ne_NP
Cuba=es_CU
Eire=en_IE
Iran=fa_IR
#W-SU
#Arctic
Arctic/Longyearbyen=no_NO
#Zulu
Canada/Pacific=en_CA
Canada/Yukon=en_CA
Canada/Mountain=en_CA
Canada/Central=en_CA
Canada/Eastern=en_CA
Canada/Newfoundland=en_CA
Canada/East-Saskatchewan=en_CA
Canada/Atlantic=en_CA
Canada/Saskatchewan=en_CA
Brazil/Acre=br_BR
Brazil/East=br_BR
Brazil/West=br_BR
Brazil/DeNoronha=br_BR
America/Mexico_City=es_MX
America/Adak=en_US
America/Atka=en_US
America/Belize=en_BZ
America/Lima=es_PE
America/Nome=en_US
America/Cancun=es_MX
America/Cayman=en_KY
America/Bogota=es_CO
America/Dawson=en_CA
America/Denver=en_US
America/Cuiaba=pt_BR
America/Antigua=en_AG
America/Havana=es_CU
America/Bahia=pt_BR
America/Belem=pt_BR
America/Aruba=nl_AW
America/Boise=en_US
America/Thunder_Bay=en_CA
America/Guatemala=es_GT
America/Guyana=en_GY
America/Jujuy=es_AR
America/Inuvik=en_CA
America/Thule=de_GL
America/Rankin_Inlet=en_CA
America/Juneau=en_US
America/La_Paz=es_BO
America/Maceio=pt_BR
America/Manaus=pt_BR
America/Merida=es_MX
America/Guayaquil=es_EC
America/Montreal=en_CA
America/Nassau=en_BS
America/Cambridge_Bay=en_Ca
America/Phoenix=en_US
America/Panama=es_PA
America/Puerto_Rico=es_PR
America/Caracas=es_VE
America/Cayenne=fr_GY
America/Jamaica=en_JM
America/Porto_Acre=pt_BR
America/Recife=pt_BR
America/Regina=en_CA
America/Indiana=en_US
America/Indiana/Knox=en_US
America/Indiana/Vincennes=en_US
America/Indiana/Vevay=en_US
America/Indiana/Winamac=en_US
America/Indiana/Tell_City=en_US
America/Indiana/Petersburg=en_US
America/Indiana/Marengo=en_US
America/Indiana/Indianapolis=en_US
America/Buenos_Aires=es_AR
America/Danmarkshavn=da_DK
America/Mazatlan=es_MX
America/Iqaluit=en_CA
America/Blanc-Sablon=en_CA
America/Boa_Vista=pt_BR
America/Virgin=en_US
America/Chicago=en_US
America/Ensenada=es_MX
America/Catamarca=es_AR
America/Costa_Rica=es_CR
America/Fortaleza=pt_BR
America/St_Johns=en_CA
America/St_Kitts=en_KN
America/Miquelon=fr_FR
America/St_Lucia=en_LC
America/Coral_Harbour=en_CA
America/Port-au-Prince=fr_HT
America/Vancouver=en_CA
America/Porto_Velho=pt_BR
America/Winnipeg=en_CA
America/Martinique=fr_MQ
America/Cordoba=es_AR
America/Whitehorse=en_CA
America/New_York=en_US
America/Glace_Bay=en_CA
America/Yakutat=en_US
America/Detroit=en_US
#America/St_Barthelemy=fr_FR
America/Louisville=en_US
America/Grand_Turk=en_TC
America/Fort_Wayne=en_US
America/Goose_Bay=en_CA
America/Yellowknife=en_CA
America/Curacao=nl_AN
America/Hermosillo=es_MX
America/Tegucigalpa=es_HN
America/Paramaribo=jv_SR
America/Scoresbysund=da_GL
America/Swift_Current=en_CA
America/Kentucky=en_US
America/Kentucky/Louisville=en_US
America/Kentucky/Monticello=en_US
America/Knox_IN=en_US
America/Anchorage=en_US
America/Eirunepe=pt_BR
America/Rosario=es_AR
America/Argentina=es_AR
America/Argentina/Ushuaia=es_AR
America/Argentina/Jujuy=es_AR
America/Argentina/Rio_Gallegos=es_AR
America/Argentina/Buenos_Aires=es_AR
America/Argentina/La_Rioja=es_AR
America/Argentina/ComodRivadavia=es_AR
America/Argentina/Catamarca=es_AR
America/Argentina/Cordoba=es_AR
America/Argentina/Mendoza=es_AR
America/Argentina/San_Juan=es_AR
America/Argentina/San_Luis=es_AR
America/Argentina/Tucuman=es_AR
America/Barbados=en_BB
America/Dawson_Creek=en_CA
America/Managua=es_NI
America/Atikokan=en_CA
America/Marigot=fr_FR
America/Pangnirtung=en_CA
America/Asuncion=es_PY
America/Menominee=en_US
America/St_Thomas=en_VI
America/Sao_Paulo=pt_BR
America/Mendoza=es_AR
America/Guadeloupe=fr_GP
America/Monterrey=es_MX
America/North_Dakota=en_US
America/North_Dakota/Center=en_US
America/North_Dakota/New_Salem=en_US
America/Araguaina=pt_BR
America/Port_of_Spain=en_TT
America/Shiprock=en_US
America/Anguilla=en_AI
America/Dominica=en_DM
America/Edmonton=en_CA
America/Rio_Branco=pt_BR
America/Tijuana=es_MX
America/Campo_Grande=pt_BR
America/Montevideo=es_UY
America/Santarem=pt_BR
America/Santiago=es_CL
America/Moncton=en_CA
America/Resolute=en_CA
America/Toronto=en_CA
America/Tortola=en_VG
America/Los_Angeles=en_US
America/Nipigon=en_CA
America/Rainy_River=en_CA
America/El_Salvador=es_SV
America/Halifax=en_CA
America/Santo_Domingo=es_DO
America/St_Vincent=en_VC
America/Indianapolis=en_US
America/Godthab=da_GL
America/Montserrat=en_MS
America/Chihuahua=es_MX
America/Noronha=pt_BR
America/Grenada=en_GD
#Universal
Europe/San_Marino=it_SM
Europe/Kiev=uk_UA
Europe/Berlin=de_DE
Europe/Oslo=no_NO
Europe/Riga=lv_LV
Europe/Rome=it_IT
Europe/Athens=el_GR
Europe/Luxembourg=fr_LU
Europe/Dublin=en_IE
Europe/Andorra=ca_AD
Europe/Vilnius=lt_LT
Europe/Belgrade=cu_CS
Europe/Belfast=en_GB
Europe/Chisinau=mo_MD
Europe/Malta=en_MT
Europe/Minsk=be_BY
Europe/Paris=fr_FR
Europe/Sofia=bg_BG
Europe/Vaduz=de_LI
Europe/Jersey=en_GB
Europe/Brussels=fr_BE
Europe/Lisbon=pt_PT
Europe/Madrid=es_ES
Europe/Bratislava=sk_SK
Europe/London=en_GB
Europe/Kaliningrad=ru_RU
Europe/Monaco=fr_MC
Europe/Moscow=ru_RU
Europe/Prague=cs_CZ
Europe/Stockholm=sv_SE
Europe/Samara=ru_RU
Europe/Skopje=mk_MK
Europe/Tirane=sq_AL
Europe/Vienna=de_AT
Europe/Warsaw=pl_PL
Europe/Budapest=hu_HU
Europe/Simferopol=uk_UA
Europe/Zagreb=hr_HR
Europe/Guernsey=en_GB
Europe/Zurich=fr_CH
Europe/Bucharest=ro_RO
Europe/Istanbul=tr_TR
Europe/Amsterdam=nl_NL
Europe/Volgograd=ru_RU
Europe/Copenhagen=da_DK
Europe/Uzhgorod=uk_UA
Europe/Tiraspol=mo_MD
Europe/Tallinn=et_EE
Europe/Helsinki=fi_FI
Europe/Isle_of_Man=en_GB
Europe/Mariehamn=sv_FI
Europe/Sarajevo=bs_BA
Europe/Zaporozhye=uk_UA
Europe/Nicosia=el_CY
Europe/Podgorica=cu_CS
Europe/Gibraltar=en_GI
Europe/Ljubljana=sl_SI
Europe/Vatican=it_VA
Pacific/Yap=en_FM
Pacific/Apia=en_WS
Pacific/Fiji=en_FJ
Pacific/Guam=en_GU
Pacific/Niue=en_NU
Pacific/Truk=en_FM
Pacific/Wake=en_US
Pacific/Easter=es_CL
Pacific/Pago_Pago=en_WS
Pacific/Efate=en_VU
Pacific/Nauru=en_NR
Pacific/Palau=en_PW
Pacific/Samoa=en_WS
Pacific/Kosrae=en_FM
Pacific/Majuro=en_MH
Pacific/Midway=en_US
Pacific/Honolulu=en_US
Pacific/Guadalcanal=en_SB
Pacific/Noumea=fr_NC
Pacific/Ponape=en_FM
Pacific/Saipan=en_MP
Pacific/Pitcairn=en_IO
Pacific/Tahiti=fr_PF
Pacific/Tarawa=en_KI
Pacific/Chatham=en_NZ
Pacific/Johnston=en_UM
Pacific/Wallis=fr_WF
Pacific/Galapagos=es_EC
Pacific/Kwajalein=en_MH
Pacific/Tongatapu=en_TO
Pacific/Fakaofo=en_TK
Pacific/Auckland=en_NZ
Pacific/Gambier=fr_PF
Pacific/Rarotonga=en_CK
Pacific/Funafuti=en_TV
Pacific/Port_Moresby=en_PG
Pacific/Marquesas=fr_PF
Pacific/Enderbury=en_KI
Pacific/Kiritimati=en_KI
Pacific/Norfolk=en_NF
Iceland=is_IS
Chile=es_CL
Chile/EasterIsland=es_CL
Chile/Continental=es_CL
Egypt=ar_EG
Japan=ja_JP
Portugal=pt_PT
Libya=ar_LY
Indian/Mahe=en_SC
Indian/Chagos=en_IO
Indian/Comoro=fr_KM
Indian/Kerguelen=fr_FR
Indian/Maldives=dv_MV
Indian/Cocos=ms_CC
Indian/Christmas=mc_CC
Indian/Mauritius=en_MU
Indian/Reunion=fr_FR
Indian/Antananarivo=fr_MG
Indian/Mayotte=fr_YT
Israel=he_IL
Hongkong=zh_CN
Mexico/BajaSur=es_MX
Mexico/BajaNorte=es_MX
Mexico/General=es_MX
Navajo=en_US
Poland=pl_PL
Jamaica=en_JM
#EST5EDT
Turkey=tr_TR
GB-Eire=en_IE
Antarctica/Casey=en_US
Antarctica/Davis=en_US
Antarctica/Syowa=ja_JP
Antarctica/Mawson=en_AU
Antarctica/Palmer=en_US
Antarctica/Vostok=ru_RU
Antarctica/Rothera=en_GB
Antarctica/DumontDUrville=fr_FR
Antarctica/McMurdo=en_US
Antarctica/South_Pole=en_US
Australia/ACT=en_AU
Australia/LHI=en_AU
Australia/NSW=en_AU
Australia/West=en_AU
Australia/Darwin=en_AU
Australia/Currie=en_AU
Australia/Eucla=en_AU
Australia/Hobart=en_AU
Australia/North=en_AU
Australia/Perth=en_AU
Australia/South=en_AU
Australia/Canberra=en_AU
Australia/Melbourne=en_AU
Australia/Sydney=en_AU
Australia/Adelaide=en_AU
Australia/Tasmania=en_AU
Australia/Broken_Hill=en_AU
Australia/Lord_Howe=en_AU
Australia/Yancowinna=en_AU
Australia/Victoria=en_AU
Australia/Lindeman=en_AU
Australia/Queensland=en_AU
Australia/Brisbane=en_AU
#MST7MDT
Singapore=en_SG
#NZ-CHAT
#Factory
Atlantic/Canary=es_ES
Atlantic/Azores=pt_PT
Atlantic/Faeroe=da_DK
Atlantic/Faroe=da_DK
Atlantic/Bermuda=en_BM
Atlantic/Reykjavik=is_IS
Atlantic/Jan_Mayen=no_NO
Atlantic/Cape_Verde=pt_CV
Atlantic/St_Helena=en_GB
Atlantic/Madeira=pt_PT
Atlantic/Stanley=en_FK
Atlantic/South_Georgia=en_GS
Greenwich=en_GB
Mideast/Riyadh87=ar_SA
Mideast/Riyadh88=ar_SA
Mideast/Riyadh89=ar_SA
#PST8PDT
#CST6CDT
Africa/Bamako=ar_ML
Africa/Bangui=fr_CF
Africa/Banjul=en_GM
Africa/Lome=fr_TG
Africa/Asmara=ar_ER
Africa/Asmera=ar_ER
Africa/Bissau=pt_GW
Africa/Algiers=ar_DZ
Africa/Johannesburg=en_ZA
Africa/Douala=fr_CM
Africa/Ndjamena=ar_TD
Africa/Harare=en_ZW
Africa/Kinshasa=fr_CD
Africa/Accra=en_GH
Africa/Cairo=ar_EG
Africa/Ceuta=es_ES
Africa/Dakar=fr_SN
Africa/Lagos=en_NG
Africa/Tunis=ar_TN
Africa/Lubumbashi=fr_CD
Africa/Kigali=fr_RW
Africa/Malabo=fr_GQ
Africa/Maputo=pt_MZ
Africa/Maseru=en_LS
Africa/Porto-Novo=fr_BJ
Africa/Monrovia=en_LR
Africa/Luanda=pt_AO
Africa/Lusaka=en_ZM
Africa/Niamey=fr_NE
Africa/Freetown=en_LR
Africa/Windhoek=en_NA
Africa/Kampala=en_UG
Africa/Gaborone=en_BW
Africa/Conakry=fr_GN
Africa/Mogadishu=ar_SO
Africa/Brazzaville=fr_CG
Africa/Timbuktu=ar_ML
Africa/Addis_Ababa=aa_ET
Africa/Bujumbura=fr_BI
Africa/Nouakchott=ar_MR
Africa/Casablanca=ar_MA
Africa/Mbabane=en_SZ
Africa/El_Aaiun=ar_EH
Africa/Libreville=fr_GA
Africa/Dar_es_Salaam=en_TZ
Africa/Ouagadougou=fr_BF
Africa/Khartoum=ar_SD
Africa/Nairobi=en_KE
Africa/Sao_Tome=pt_ST
Africa/Tripoli=ar_LY
Africa/Abidjan=fr_CI
Africa/Djibouti=fr_DJ
Africa/Blantyre=en_MW
